<html>
<body>
<pre>
<h1>礦ision Build Log</h1>
<h2>Tool Versions:</h2>
IDE-Version: μVision V5.14.0.0
Copyright (C) 2015 ARM Ltd and ARM Germany GmbH. All rights reserved.
License Information: LI ZIXUAN, neuq, LIC=8MZ45-G1RDY-9XEUW-QZ2VS-AENBS-U2HYV
 
Tool Versions:
Toolchain:       MDK-ARM Professional  Version: 5.14.0.0
Toolchain Path:  C:\Keil_v5\ARM\ARMCC\Bin
C Compiler:      Armcc.exe V5.05 update 1 (build 106)
Assembler:       Armasm.exe V5.05 update 1 (build 106)
Linker/Locator:  ArmLink.exe V5.05 update 1 (build 106)
Library Manager: ArmAr.exe V5.05 update 1 (build 106)
Hex Converter:   FromElf.exe V5.05 update 1 (build 106)
CPU DLL:         SARMCM3.DLL V5.14.0.0
Dialog DLL:      DCM.DLL V1.13.1.0
Target DLL:      Segger\JL2CM3.dll V2.99.13.0
Dialog DLL:      TCM.DLL V1.14.4.0
 
<h2>Project:</h2>
C:\Users\李紫璇\Desktop\CarryPilot_For_LaunchPad_4.0.3_20210920_Released - 副本\CarryPilot.uvprojx
Project File Date:  11/04/2022

<h2>Output:</h2>
Build target 'CarryPilot_LaunchPad_V4.0.3'
compiling NamelessCotrun_SDK.c...
linking...
Program Size: Code=137572 RO-data=9960 RW-data=4716 ZI-data=22660  
FromELF: creating hex file...
".\Output\CarryPilot.axf" - 0 Error(s), 0 Warning(s).

<h2>Collection of Component include folders:</h2>
  C:\Users\李紫璇\Desktop\CarryPilot_For_LaunchPad_4.0.3_20210920_Released - 副本\RTE
  C:\mdk\Keil\TM4C_DFP\1.1.0

<h2>Collection of Component Files used:</h2>
</pre>
</body>
</html>
