Component: ARM Compiler 5.05 update 1 (build 106) Tool: armlink [4d0efa]

==============================================================================

Section Cross References

    adc.o(i.ADCIntRegister) refers to adc.o(i._ADCIntNumberGet) for _ADCIntNumberGet
    adc.o(i.ADCIntRegister) refers to interrupt.o(i.IntRegister) for IntRegister
    adc.o(i.ADCIntRegister) refers to interrupt.o(i.IntEnable) for IntEnable
    adc.o(i.ADCIntUnregister) refers to adc.o(i._ADCIntNumberGet) for _ADCIntNumberGet
    adc.o(i.ADCIntUnregister) refers to interrupt.o(i.IntDisable) for IntDisable
    adc.o(i.ADCIntUnregister) refers to interrupt.o(i.IntUnregister) for IntUnregister
    adc.o(i.ADCSoftwareOversampleConfigure) refers to adc.o(.data) for g_pui8OversampleFactor
    adc.o(i.ADCSoftwareOversampleDataGet) refers to adc.o(.data) for g_pui8OversampleFactor
    adc.o(i.ADCSoftwareOversampleStepConfigure) refers to adc.o(.data) for g_pui8OversampleFactor
    aes.o(i.AESDataAuth) refers to aes.o(i.AESLengthSet) for AESLengthSet
    aes.o(i.AESDataAuth) refers to aes.o(i.AESDataWrite) for AESDataWrite
    aes.o(i.AESDataAuth) refers to aes.o(i.AESTagRead) for AESTagRead
    aes.o(i.AESDataProcess) refers to aes.o(i.AESLengthSet) for AESLengthSet
    aes.o(i.AESDataProcess) refers to aes.o(i.AESDataWrite) for AESDataWrite
    aes.o(i.AESDataProcess) refers to aes.o(i.AESDataRead) for AESDataRead
    aes.o(i.AESDataProcessAuth) refers to aes.o(i.AESLengthSet) for AESLengthSet
    aes.o(i.AESDataProcessAuth) refers to aes.o(i.AESAuthLengthSet) for AESAuthLengthSet
    aes.o(i.AESDataProcessAuth) refers to aes.o(i.AESDataWrite) for AESDataWrite
    aes.o(i.AESDataProcessAuth) refers to aes.o(i.AESDataRead) for AESDataRead
    aes.o(i.AESDataProcessAuth) refers to aes.o(i.AESTagRead) for AESTagRead
    aes.o(i.AESIntRegister) refers to interrupt.o(i.IntRegister) for IntRegister
    aes.o(i.AESIntRegister) refers to interrupt.o(i.IntEnable) for IntEnable
    aes.o(i.AESIntUnregister) refers to interrupt.o(i.IntDisable) for IntDisable
    aes.o(i.AESIntUnregister) refers to interrupt.o(i.IntUnregister) for IntUnregister
    can.o(i.CANBitRateSet) refers to can.o(.constdata) for g_ui16CANBitValues
    can.o(i.CANIntRegister) refers to can.o(i._CANIntNumberGet) for _CANIntNumberGet
    can.o(i.CANIntRegister) refers to interrupt.o(i.IntRegister) for IntRegister
    can.o(i.CANIntRegister) refers to interrupt.o(i.IntEnable) for IntEnable
    can.o(i.CANIntUnregister) refers to can.o(i._CANIntNumberGet) for _CANIntNumberGet
    can.o(i.CANIntUnregister) refers to interrupt.o(i.IntDisable) for IntDisable
    can.o(i.CANIntUnregister) refers to interrupt.o(i.IntUnregister) for IntUnregister
    can.o(i.CANMessageGet) refers to can.o(i._CANDataRegRead) for _CANDataRegRead
    can.o(i.CANMessageSet) refers to can.o(i._CANDataRegWrite) for _CANDataRegWrite
    comp.o(i.ComparatorIntRegister) refers to interrupt.o(i.IntRegister) for IntRegister
    comp.o(i.ComparatorIntRegister) refers to interrupt.o(i.IntEnable) for IntEnable
    comp.o(i.ComparatorIntUnregister) refers to interrupt.o(i.IntDisable) for IntDisable
    comp.o(i.ComparatorIntUnregister) refers to interrupt.o(i.IntUnregister) for IntUnregister
    crc.o(i.CRCDataProcess) refers to crc.o(i.CRCResultRead) for CRCResultRead
    des.o(i.DESDataProcess) refers to des.o(i.DESDataWriteNonBlocking) for DESDataWriteNonBlocking
    des.o(i.DESDataProcess) refers to des.o(i.DESDataReadNonBlocking) for DESDataReadNonBlocking
    des.o(i.DESIntRegister) refers to interrupt.o(i.IntRegister) for IntRegister
    des.o(i.DESIntRegister) refers to interrupt.o(i.IntEnable) for IntEnable
    des.o(i.DESIntUnregister) refers to interrupt.o(i.IntDisable) for IntDisable
    des.o(i.DESIntUnregister) refers to interrupt.o(i.IntUnregister) for IntUnregister
    eeprom.o(i.EEPROMInit) refers to sysctl.o(.emb_text) for SysCtlDelay
    eeprom.o(i.EEPROMInit) refers to eeprom.o(i._EEPROMWaitForDone) for _EEPROMWaitForDone
    eeprom.o(i.EEPROMInit) refers to sysctl.o(i.SysCtlPeripheralReset) for SysCtlPeripheralReset
    eeprom.o(i.EEPROMIntClear) refers to eeprom.o(i._EEPROMSectorMaskClear) for _EEPROMSectorMaskClear
    eeprom.o(i.EEPROMMassErase) refers to eeprom.o(i._EEPROMSectorMaskClear) for _EEPROMSectorMaskClear
    eeprom.o(i.EEPROMMassErase) refers to eeprom.o(i._EEPROMWaitForDone) for _EEPROMWaitForDone
    eeprom.o(i.EEPROMMassErase) refers to sysctl.o(i.SysCtlPeripheralReset) for SysCtlPeripheralReset
    eeprom.o(i.EEPROMMassErase) refers to sysctl.o(.emb_text) for SysCtlDelay
    eeprom.o(i.EEPROMProgram) refers to eeprom.o(i._EEPROMSectorMaskSet) for _EEPROMSectorMaskSet
    eeprom.o(i.EEPROMProgram) refers to eeprom.o(i._EEPROMSectorMaskClear) for _EEPROMSectorMaskClear
    eeprom.o(i.EEPROMProgramNonBlocking) refers to eeprom.o(i._EEPROMSectorMaskSet) for _EEPROMSectorMaskSet
    eeprom.o(i._EEPROMSectorMaskClear) refers to sysctl.o(.emb_text) for SysCtlDelay
[...]
    vl52l1x_result_data                      0x20005234   Data          28  vl53l1x.o(.bss)
    vl                                       0x20005250   Data          16  vl53l1x.o(.bss)
    tofsense_buf                             0x20005270   Data          20  topsensor.o(.bss)
    tofdata                                  0x20005284   Data         480  topsensor.o(.bss)
    tofsensor                                0x20005464   Data          16  topsensor.o(.bss)
    TOFSense_F_Data                          0x20005474   Data          48  topsensor.o(.bss)
    f_buf                                    0x200054a4   Data          20  topsensor.o(.bss)
    us100_front                              0x200054b8   Data          44  reserved_serialport.o(.bss)
    data_to_send                             0x200054e4   Data          72  my_anonymous.o(.bss)
    UAV_Cushion_Stop_Point                   0x2000552c   Data          12  control_althold.o(.bss)
    Mag_LS                                   0x20005558   Data          76  calibrationroutines.o(.bss)
    Controller                               0x200055a4   Data          48  wp_ctrl.o(.bss)
    gps_switch                               0x200055d4   Data          12  wp_ctrl.o(.bss)
    opt_data                                 0x200055e0   Data          16  namelesscorun_opticalflow.o(.bss)
    opt_origin_data                          0x200055f0   Data          28  namelesscorun_opticalflow.o(.bss)
    OpticalFlow_Parameter                    0x2000560c   Data          24  namelesscorun_opticalflow.o(.bss)
    OpticalFlow_Gyro_Parameter               0x20005624   Data          24  namelesscorun_opticalflow.o(.bss)
    Buffer_OpticalFlow                       0x2000563c   Data          48  namelesscorun_opticalflow.o(.bss)
    Buffer_OpticalFlow_Gyro                  0x2000566c   Data          48  namelesscorun_opticalflow.o(.bss)
    OpticalFlow_SINS                         0x2000569c   Data        1884  namelesscorun_opticalflow.o(.bss)
    Optical_Delta                            0x20005df8   Data          16  namelesscorun_opticalflow.o(.bss)
    SDK_Duty_Status                          0x20005e08   Data         100  namelesscotrun_sdk.o(.bss)
    sdk_data_to_send                         0x20005e6c   Data          50  namelesscotrun_sdk.o(.bss)
    Opv_Top_View_Target                      0x20005ea0   Data          84  namelesscotrun_sdk.o(.bss)
    Opv_Front_View_Target                    0x20005ef4   Data          84  namelesscotrun_sdk.o(.bss)
    bufff                                    0x20005f48   Data          10  namelesscotrun_sdk.o(.bss)
    Circle_Angle                             0x20005f54   Data          12  sensor.o(.bss)
    qr                                       0x20005f60   Data         160  sensor.o(.bss)
    B                                        0x20006000   Data          12  sensor.o(.bss)
    rMat                                     0x2000600c   Data          36  sensor.o(.bss)
    Accel_For_Cal                            0x20006030   Data          12  sensor.o(.bss)
    gyro                                     0x2000603c   Data          12  sensor.o(.bss)
    accel                                    0x20006048   Data          12  sensor.o(.bss)
    mag                                      0x20006054   Data          12  sensor.o(.bss)
    gyro_filter                              0x20006060   Data          12  sensor.o(.bss)
    accel_filter                             0x2000606c   Data          12  sensor.o(.bss)
    mag_filter                               0x20006078   Data          12  sensor.o(.bss)
    gyro_filter_bug                          0x20006084   Data          12  sensor.o(.bss)
    gyro_bpf_filter                          0x20006090   Data          12  sensor.o(.bss)
    accel_bpf_filter                         0x2000609c   Data          12  sensor.o(.bss)
    accel_bpf_filter_bug                     0x200060a8   Data          12  sensor.o(.bss)
    ins_accel_filter                         0x200060b4   Data          12  sensor.o(.bss)
    ins_accel_filter_buf                     0x200060c0   Data          72  sensor.o(.bss)
    gyro_filter_buf_bug                      0x20006108   Data          72  sensor.o(.bss)
    gyro_filter_buf                          0x20006150   Data          72  sensor.o(.bss)
    accel_filter_buf                         0x20006198   Data          72  sensor.o(.bss)
    mag_filter_buf                           0x200061e0   Data          72  sensor.o(.bss)
    accel_cal_filter_buf                     0x20006228   Data          72  sensor.o(.bss)
    accel_for_cal_filter_buf                 0x20006270   Data          72  sensor.o(.bss)
    gyro_bpf_filter_buf                      0x200062b8   Data          72  sensor.o(.bss)
    accel_bpf_filter_buf                     0x20006300   Data          72  sensor.o(.bss)
    accel_bpf_filter_buf_bug                 0x20006348   Data          72  sensor.o(.bss)
    imu_temperature                          0x20006390   Data          24  sensor.o(.bss)
    Imu_Delta                                0x200063a8   Data          16  sensor.o(.bss)
    yaw_fus_time                             0x200063b8   Data          16  sensor.o(.bss)
    T3                                       0x200063c8   Data          16  compass.o(.bss)
    T4                                       0x200063d8   Data          16  compass.o(.bss)
    ADC_Button1                              0x200063e8   Data          32  adc_button.o(.bss)
    ADC_Button2                              0x20006408   Data          32  adc_button.o(.bss)
    ADC_Button3                              0x20006428   Data          32  adc_button.o(.bss)
    ADC_Button4                              0x20006448   Data          32  adc_button.o(.bss)
    ADC_PPM_Databuf                          0x20006468   Data          20  adc_button.o(.bss)
    openmv                                   0x2000647c   Data          20  diy_op.o(.bss)
    __libspace_start                         0x20006490   Data          96  libspace.o(.bss)
    __temporary_stack_top$libspace           0x200064f0   Data           0  libspace.o(.bss)



==============================================================================

Memory Map of the image

  Image Entry point : 0x00000289

  Load Region LR_IROM1 (Base: 0x00000000, Size: 0x000252b8, Max: 0x00040000, ABSOLUTE, COMPRESSED[0x0002433c])

    Execution Region ER_IROM1 (Base: 0x00000000, Size: 0x0002404c, Max: 0x00040000, ABSOLUTE)

    Base Addr    Size         Type   Attr      Idx    E Section Name        Object

    0x00000000   0x00000288   Code   RO         6119    RESET               startup_rvmdk.o
    0x00000288   0x00000008   Code   RO        13053  * !!!main             c_wu.l(__main.o)
    0x00000290   0x00000034   Code   RO        13747    !!!scatter          c_wu.l(__scatter.o)
    0x000002c4   0x0000005a   Code   RO        13745    !!dczerorl2         c_wu.l(__dczerorl2.o)
    0x0000031e   0x00000002   PAD
    0x00000320   0x0000001c   Code   RO        13749    !!handler_zi        c_wu.l(__scatter_zi.o)
    0x0000033c   0x00000002   Code   RO        13655    .ARM.Collect$$libinit$$00000000  c_wu.l(libinit.o)
    0x0000033e   0x00000004   Code   RO        13378    .ARM.Collect$$libinit$$00000001  c_wu.l(libinit2.o)
    0x00000342   0x00000000   Code   RO        13381    .ARM.Collect$$libinit$$00000004  c_wu.l(libinit2.o)
    0x00000342   0x00000000   Code   RO        13384    .ARM.Collect$$libinit$$0000000A  c_wu.l(libinit2.o)
    0x00000342   0x00000000   Code   RO        13386    .ARM.Collect$$libinit$$0000000C  c_wu.l(libinit2.o)
    0x00000342   0x00000000   Code   RO        13388    .ARM.Collect$$libinit$$0000000E  c_wu.l(libinit2.o)
    0x00000342   0x00000000   Code   RO        13391    .ARM.Collect$$libinit$$00000011  c_wu.l(libinit2.o)
    0x00000342   0x00000000   Code   RO        13393    .ARM.Collect$$libinit$$00000013  c_wu.l(libinit2.o)
    0x00000342   0x00000000   Code   RO        13395    .ARM.Collect$$libinit$$00000015  c_wu.l(libinit2.o)
    0x00000342   0x00000000   Code   RO        13397    .ARM.Collect$$libinit$$00000017  c_wu.l(libinit2.o)
    0x00000342   0x00000000   Code   RO        13399    .ARM.Collect$$libinit$$00000019  c_wu.l(libinit2.o)
    0x00000342   0x00000000   Code   RO        13401    .ARM.Collect$$libinit$$0000001B  c_wu.l(libinit2.o)
    0x00000342   0x00000000   Code   RO        13403    .ARM.Collect$$libinit$$0000001D  c_wu.l(libinit2.o)
    0x00000342   0x00000000   Code   RO        13405    .ARM.Collect$$libinit$$0000001F  c_wu.l(libinit2.o)
    0x00000342   0x00000000   Code   RO        13407    .ARM.Collect$$libinit$$00000021  c_wu.l(libinit2.o)
    0x00000342   0x00000000   Code   RO        13409    .ARM.Collect$$libinit$$00000023  c_wu.l(libinit2.o)
    0x00000342   0x00000000   Code   RO        13411    .ARM.Collect$$libinit$$00000025  c_wu.l(libinit2.o)
    0x00000342   0x00000000   Code   RO        13415    .ARM.Collect$$libinit$$0000002C  c_wu.l(libinit2.o)
    0x00000342   0x00000000   Code   RO        13417    .ARM.Collect$$libinit$$0000002E  c_wu.l(libinit2.o)
    0x00000342   0x00000000   Code   RO        13419    .ARM.Collect$$libinit$$00000030  c_wu.l(libinit2.o)
    0x00000342   0x00000000   Code   RO        13421    .ARM.Collect$$libinit$$00000032  c_wu.l(libinit2.o)
    0x00000342   0x00000002   Code   RO        13422    .ARM.Collect$$libinit$$00000033  c_wu.l(libinit2.o)
    0x00000344   0x00000002   Code   RO        13742    .ARM.Collect$$libshutdown$$00000000  c_wu.l(libshutdown.o)
    0x00000346   0x00000000   Code   RO        13682    .ARM.Collect$$libshutdown$$00000003  c_wu.l(libshutdown2.o)
    0x00000346   0x00000000   Code   RO        13685    .ARM.Collect$$libshutdown$$00000006  c_wu.l(libshutdown2.o)
    0x00000346   0x00000000   Code   RO        13688    .ARM.Collect$$libshutdown$$00000009  c_wu.l(libshutdown2.o)
    0x00000346   0x00000000   Code   RO        13690    .ARM.Collect$$libshutdown$$0000000B  c_wu.l(libshutdown2.o)
    0x00000346   0x00000000   Code   RO        13693    .ARM.Collect$$libshutdown$$0000000E  c_wu.l(libshutdown2.o)
    0x00000346   0x00000002   Code   RO        13694    .ARM.Collect$$libshutdown$$0000000F  c_wu.l(libshutdown2.o)
    0x00000348   0x00000000   Code   RO        13329    .ARM.Collect$$rtentry$$00000000  c_wu.l(__rtentry.o)
    0x00000348   0x00000000   Code   RO        13522    .ARM.Collect$$rtentry$$00000002  c_wu.l(__rtentry2.o)
    0x00000348   0x00000006   Code   RO        13534    .ARM.Collect$$rtentry$$00000004  c_wu.l(__rtentry4.o)
    0x0000034e   0x00000000   Code   RO        13524    .ARM.Collect$$rtentry$$00000009  c_wu.l(__rtentry2.o)
    0x0000034e   0x00000004   Code   RO        13525    .ARM.Collect$$rtentry$$0000000A  c_wu.l(__rtentry2.o)
    0x00000352   0x00000000   Code   RO        13527    .ARM.Collect$$rtentry$$0000000C  c_wu.l(__rtentry2.o)
    0x00000352   0x00000008   Code   RO        13528    .ARM.Collect$$rtentry$$0000000D  c_wu.l(__rtentry2.o)
    0x0000035a   0x00000002   Code   RO        13666    .ARM.Collect$$rtexit$$00000000  c_wu.l(rtexit.o)
    0x0000035c   0x00000000   Code   RO        13716    .ARM.Collect$$rtexit$$00000002  c_wu.l(rtexit2.o)
    0x0000035c   0x00000004   Code   RO        13717    .ARM.Collect$$rtexit$$00000003  c_wu.l(rtexit2.o)
    0x00000360   0x00000006   Code   RO        13718    .ARM.Collect$$rtexit$$00000004  c_wu.l(rtexit2.o)
    0x00000366   0x00000002   PAD
    0x00000368   0x00000026   Code   RO          651    .emb_text           cpu.o
    0x0000038e   0x00000002   PAD
    0x00000390   0x00000006   Code   RO         3864    .emb_text           sysctl.o
    0x00000396   0x00000002   PAD
    0x00000398   0x0000001c   Code   RO         6120    .text               startup_rvmdk.o
    0x000003b4   0x0000008a   Code   RO        13035    .text               c_wu.l(rt_memcpy_v6.o)
    0x0000043e   0x00000064   Code   RO        13039    .text               c_wu.l(rt_memcpy_w.o)
    0x000004a2   0x00000010   Code   RO        13041    .text               c_wu.l(aeabi_memset.o)
    0x000004b2   0x00000044   Code   RO        13043    .text               c_wu.l(rt_memclr.o)
    0x000004f6   0x0000004e   Code   RO        13045    .text               c_wu.l(rt_memclr_w.o)
    0x00000544   0x00000006   Code   RO        13051    .text               c_wu.l(heapauxi.o)
    0x0000054a   0x00000016   Code   RO        13357    .text               c_wu.l(_rserrno.o)
    0x00000560   0x00000008   Code   RO        13518    .text               c_wu.l(libspace.o)
    0x00000568   0x00000008   Code   RO        13544    .text               c_wu.l(rt_errno_addr_intlibspace.o)
    0x00000570   0x00000002   Code   RO        13627    .text               c_wu.l(use_no_semi.o)
    0x00000572   0x00000000   Code   RO        13629    .text               c_wu.l(indicate_semi.o)
    0x00000572   0x0000004a   Code   RO        13630    .text               c_wu.l(sys_stackheap_outer.o)
    0x000005bc   0x0000000c   Code   RO        13640    .text               c_wu.l(exit.o)
    0x000005c8   0x0000000c   Code   RO        13664    .text               c_wu.l(sys_exit.o)
    0x000005d4   0x00000028   Code   RO         7885    i.ADC0IntHandler    wp_adc.o
    0x000005fc   0x00000008   Code   RO           10    i.ADCIntClear       adc.o
    0x00000604   0x00000012   Code   RO           14    i.ADCIntEnable      adc.o
    0x00000616   0x00000008   Code   RO           15    i.ADCIntEnableEx    adc.o
    0x0000061e   0x00000026   Code   RO           16    i.ADCIntRegister    adc.o
    0x00000644   0x00000018   Code   RO           22    i.ADCProcessorTrigger  adc.o
    0x0000065c   0x0000002c   Code   RO           25    i.ADCSequenceConfigure  adc.o
    0x00000688   0x00000022   Code   RO           28    i.ADCSequenceDataGet  adc.o
    0x000006aa   0x0000000c   Code   RO           30    i.ADCSequenceEnable  adc.o
    0x000006b6   0x00000076   Code   RO           33    i.ADCSequenceStepConfigure  adc.o
    0x0000072c   0x00000058   Code   RO        11175    i.ADC_Button_Init   adc_button.o
    0x00000784   0x0000017c   Code   RO        11176    i.ADC_Button_Read   adc_button.o
    0x00000900   0x0000000c   Code   RO        11177    i.ADC_Button_Scan   adc_button.o
    0x0000090c   0x000000a8   Code   RO         7886    i.ADC_Init          wp_adc.o
    0x000009b4   0x00000030   Code   RO         7887    i.ADC_Sample_Trigger  wp_adc.o
    0x000009e4   0x00000234   Code   RO        11218    i.A_correct         diy_op.o
    0x00000c18   0x00000188   Code   RO        11219    i.A_down_correct    diy_op.o
    0x00000da0   0x00000258   Code   RO         6177    i.Accel_Calibartion  calibration.o
    0x00000ff8   0x00000564   Code   RO         6178    i.Accel_Calibration_Check  calibration.o
    0x0000155c   0x000000d8   Code   RO         7339    i.Alt_SINS_Init     sins.o
    0x00001634   0x00000110   Code   RO        10635    i.Angle_Control_Target  wp_ctrl.o
    0x00001744   0x0000002c   Code   RO        10636    i.Attitude_Control  wp_ctrl.o
    0x00001770   0x00000884   Code   RO        11139    i.Auto_Flight_Ctrl  developer_mode.o
    0x00001ff4   0x00000020   Code   RO         6381    i.Bling_Init        bling.o
    0x00002014   0x0000007e   Code   RO         6382    i.Bling_Process     bling.o
    0x00002092   0x00000030   Code   RO         6383    i.Bling_Set         bling.o
    0x000020c2   0x00000002   PAD
    0x000020c4   0x00000180   Code   RO         6384    i.Bling_Working     bling.o
    0x00002244   0x000000b0   Code   RO         9728    i.Bluetooth_transmission  my_anonymous.o
    0x000022f4   0x000000f0   Code   RO         6437    i.Butterworth_Parameter_Init  filter.o
    0x000023e4   0x00000164   Code   RO         6179    i.Calibrate_Find_Delta  calibration.o
    0x00002548   0x00000044   Code   RO         6180    i.Calibrate_Reset_Matrices  calibration.o
    0x0000258c   0x000000f6   Code   RO         6181    i.Calibrate_Update_Matrices  calibration.o
    0x00002682   0x00000002   PAD
    0x00002684   0x000002ac   Code   RO         6182    i.Calibrate_accel   calibration.o
    0x00002930   0x00000030   Code   RO        10637    i.CarryPilot_Control  wp_ctrl.o
    0x00002960   0x00000098   Code   RO        11255    i.ChangePresetMode  vl53l1_api.o
    0x000029f8   0x00000034   Code   RO         6184    i.Check_Calibration_Flag  calibration.o
    0x00002a2c   0x00000210   Code   RO         9627    i.Check_Front_Tofsense  topsensor.o
    0x00002c3c   0x000001c8   Code   RO         6185    i.Check_Plane_Sampling_Okay  calibration.o
    0x00002e04   0x00000100   Code   RO         9505    i.Color_Block_Control_Pliot  opticalflow_control.o
    0x00002f04   0x000000a0   Code   RO        11061    i.Compass_Fault_Check  compass.o
    0x00002fa4   0x0000006c   Code   RO        11062    i.Compass_Init      compass.o
    0x00003010   0x00000250   Code   RO        11063    i.Compass_Read_Data  compass.o
    0x00003260   0x00000074   Code   RO        11257    i.ComputeDevicePresetMode  vl53l1_api.o
    0x000032d4   0x000000a0   Code   RO        11258    i.ComputeRQL        vl53l1_api.o
    0x00003374   0x00000110   Code   RO         7053    i.Config_Init_Uart  opticalflow_lc306.o
    0x00003484   0x00000070   Code   RO         7740    i.ConfigureUART0    usart.o
    0x000034f4   0x00000074   Code   RO         7741    i.ConfigureUART1    usart.o
    0x00003568   0x000000a4   Code   RO         7742    i.ConfigureUART2    usart.o
    0x0000360c   0x00000074   Code   RO         7743    i.ConfigureUART3    usart.o
    0x00003680   0x0000009c   Code   RO         7744    i.ConfigureUART6    usart.o
    0x0000371c   0x00000210   Code   RO         7745    i.ConfigureUART7    usart.o
    0x0000392c   0x00000148   Code   RO         7074    i.Control_Device_LPF  pid.o
    0x00003a74   0x000006a4   Code   RO        10638    i.Control_Output    wp_ctrl.o
    0x00004118   0x000002ac   Code   RO        10639    i.Controler_Mode_Select  wp_ctrl.o
    0x000043c4   0x00000048   Code   RO        11261    i.ConvertStatusLite  vl53l1_api.o
    0x0000440c   0x00000090   Code   RO         9729    i.Data_Send_F1      my_anonymous.o
    0x0000449c   0x00000018   Code   RO         9359    i.DelayUs           vl53l1x_i2c.o
    0x000044b4   0x0000000c   Code   RO         7559    i.Delay_Ms          time.o
    0x000044c0   0x00000028   Code   RO        11140    i.Delay_Time        developer_mode.o
    0x000044e8   0x000000b4   Code   RO        10594    i.Desired_Accel_Transform_Angle  control_poshold.o
    0x0000459c   0x00000028   Code   RO         6739    i.Double_ReadI2C    myiic.o
    0x000045c4   0x00000048   Code   RO         6830    i.Draw_Logo1        oled.o
    0x0000460c   0x00000044   Code   RO          831    i.EEPROMInit        eeprom.o
    0x00004650   0x00000058   Code   RO          836    i.EEPROMMassErase   eeprom.o
    0x000046a8   0x000000c8   Code   RO          837    i.EEPROMProgram     eeprom.o
    0x00004770   0x00000038   Code   RO          839    i.EEPROMRead        eeprom.o
    0x000047a8   0x00000014   Code   RO         7925    i.EEPROM_Init       wp_flash.o
    0x000047bc   0x0000003c   Code   RO         8154    i.EPWM_Output       wp_pwm.o
    0x000047f8   0x000000b0   Code   RO         6186    i.ESC_Calibration   calibration.o
    0x000048a8   0x00000158   Code   RO         6187    i.ESC_Calibration_Check  calibration.o
    0x00004a00   0x000000fc   Code   RO        10742    i.ESC_HardWave_Init  license.o
    0x00004afc   0x00000470   Code   RO        10970    i.Euler_Angle_Init  sensor.o
    0x00004f6c   0x00000acc   Code   RO        10971    i.Euler_Angle_Init_Again  sensor.o
    0x00005a38   0x00000014   Code   RO         1768    i.FPUEnable         fpu.o
    0x00005a4c   0x00000014   Code   RO         1771    i.FPULazyStackingEnable  fpu.o
    0x00005a60   0x000004cc   Code   RO        10429    i.Flight_Alt_Hold_Control  control_althold.o
    0x00005f2c   0x00000118   Code   RO         9506    i.Front_AprilTag_Control_Pliot  opticalflow_control.o
    0x00006044   0x00000204   Code   RO         9507    i.Front_Surround_Pole_Control_Pilot  opticalflow_control.o
    0x00006248   0x00000032   Code   RO         1835    i.GPIODirModeSet    gpio.o
    0x0000627a   0x00000006   Code   RO         1836    i.GPIOIntClear      gpio.o
    0x00006280   0x0000000c   Code   RO         1838    i.GPIOIntEnable     gpio.o
    0x0000628c   0x0000001e   Code   RO         1839    i.GPIOIntRegister   gpio.o
    0x000062aa   0x00000066   Code   RO         1842    i.GPIOIntTypeSet    gpio.o
    0x00006310   0x00000156   Code   RO         1845    i.GPIOPadConfigSet  gpio.o
    0x00006466   0x00000002   PAD
    0x00006468   0x00000050   Code   RO         1846    i.GPIOPinConfigure  gpio.o
    0x000064b8   0x0000000c   Code   RO         1847    i.GPIOPinRead       gpio.o
    0x000064c4   0x0000001e   Code   RO         1848    i.GPIOPinTypeADC    gpio.o
    0x000064e2   0x0000001e   Code   RO         1856    i.GPIOPinTypeGPIOInput  gpio.o
    0x00006500   0x0000001e   Code   RO         1857    i.GPIOPinTypeGPIOOutput  gpio.o
    0x0000651e   0x0000001e   Code   RO         1859    i.GPIOPinTypeI2C    gpio.o
    0x0000653c   0x0000001e   Code   RO         1860    i.GPIOPinTypeI2CSCL  gpio.o
    0x0000655a   0x0000001e   Code   RO         1868    i.GPIOPinTypePWM    gpio.o
    0x00006578   0x0000001e   Code   RO         1872    i.GPIOPinTypeUART   gpio.o
    0x00006596   0x0000000a   Code   RO         1878    i.GPIOPinWrite      gpio.o
    0x000065a0   0x00000010   Code   RO         6386    i.GPIO_SetBits      bling.o
    0x000065b0   0x000000d4   Code   RO         7340    i.GPSData_Sort      sins.o
    0x00006684   0x00000028   Code   RO         7076    i.GPS_Ctrl_Reset    pid.o
    0x000066ac   0x0000000e   Code   RO         6580    i.GPS_UART_Init     gps.o
    0x000066ba   0x00000002   PAD
    0x000066bc   0x00000044   Code   RO        10503    i.GPS_ok            control_land.o
    0x00006700   0x000000e8   Code   RO        10972    i.Get_Baro_Offset   sensor.o
    0x000067e8   0x00000094   Code   RO         7888    i.Get_Battery_Voltage  wp_adc.o
    0x0000687c   0x00000688   Code   RO        10973    i.Get_Status_Feedback  sensor.o
    0x00006f04   0x00000048   Code   RO         7319    i.Get_Systime       schedule.o
    0x00006f4c   0x00000050   Code   RO         7226    i.Get_Thr_Rate      rc.o
    0x00006f9c   0x00000060   Code   RO         8747    i.Ground_Sensor_Statemachine  tfmini.o
    0x00006ffc   0x00000280   Code   RO         6188    i.Gyro_Calibration_Check  calibration.o
    0x0000727c   0x00000068   Code   RO        10640    i.Gyro_Control      wp_ctrl.o
    0x000072e4   0x00000070   Code   RO         7718    i.HardWave_Init     system.o
    0x00007354   0x000002e4   Code   RO         6190    i.Horizontal_Calibration_Check  calibration.o
    0x00007638   0x00000054   Code   RO         6191    i.Horizontal_Calibration_Init  calibration.o
    0x0000768c   0x00000012   Code   RO         2489    i.I2CMasterBusy     i2c.o
    0x0000769e   0x00000004   Code   RO         2490    i.I2CMasterControl  i2c.o
    0x000076a2   0x00000006   Code   RO         2491    i.I2CMasterDataGet  i2c.o
    0x000076a8   0x00000004   Code   RO         2492    i.I2CMasterDataPut  i2c.o
    0x000076ac   0x0000000a   Code   RO         2494    i.I2CMasterEnable   i2c.o
    0x000076b6   0x00000002   PAD
    0x000076b8   0x0000005c   Code   RO         2497    i.I2CMasterInitExpClk  i2c.o
    0x00007714   0x00000008   Code   RO         2507    i.I2CMasterSlaveAddrSet  i2c.o
    0x0000771c   0x00000008   Code   RO         8597    i.I2C_GPIO_Config   soft_i2c.o
    0x00007724   0x00000174   Code   RO         6703    i.ICM20689_Init     icm2068x.o
    0x00007898   0x00000128   Code   RO         6704    i.ICM20689_Read_Data  icm2068x.o
    0x000079c0   0x0000010c   Code   RO         6705    i.IMU_Calibration   icm2068x.o
    0x00007acc   0x00000060   Code   RO         6740    i.Init_I2C          myiic.o
    0x00007b2c   0x00000078   Code   RO         6741    i.Init_I2C0         myiic.o
    0x00007ba4   0x00000180   Code   RO         8155    i.Init_PWM          wp_pwm.o
    0x00007d24   0x00000074   Code   RO         2817    i.IntEnable         interrupt.o
    0x00007d98   0x00000010   Code   RO         2819    i.IntMasterDisable  interrupt.o
    0x00007da8   0x00000010   Code   RO         2820    i.IntMasterEnable   interrupt.o
    0x00007db8   0x0000001c   Code   RO         2825    i.IntPriorityGroupingSet  interrupt.o
    0x00007dd4   0x00000034   Code   RO         2828    i.IntPrioritySet    interrupt.o
    0x00007e08   0x0000003c   Code   RO         2829    i.IntRegister       interrupt.o
    0x00007e44   0x000006a4   Code   RO         7341    i.KalmanFilter      sins.o
    0x000084e8   0x00000498   Code   RO         7342    i.KalmanFilter_Horizontal  sins.o
    0x00008980   0x00000a88   Code   RO         7343    i.KalmanFilter_Horizontal_GPS  sins.o
    0x00009408   0x00000088   Code   RO         6650    i.Key_Init          key.o
    0x00009490   0x0000026c   Code   RO         6651    i.Key_Scan          key.o
    0x000096fc   0x00000038   Code   RO         6834    i.LCD_CLS           oled.o
    0x00009734   0x00000048   Code   RO         6836    i.LCD_P6x8Char      oled.o
    0x0000977c   0x00000064   Code   RO         6837    i.LCD_P6x8Str       oled.o
    0x000097e0   0x00000088   Code   RO         6839    i.LCD_P8x16Str      oled.o
    0x00009868   0x00000028   Code   RO         6840    i.LCD_Set_Pos       oled.o
    0x00009890   0x00000068   Code   RO         6841    i.LCD_WrCmd         oled.o
    0x000098f8   0x0000005c   Code   RO         6842    i.LCD_WrDat         oled.o
    0x00009954   0x00000036   Code   RO         6843    i.LCD_clear_L       oled.o
    0x0000998a   0x00000148   Code   RO         6441    i.LPButterworth     filter.o
    0x00009ad2   0x000000fc   Code   RO        10466    i.LS_Accumulate     calibrationroutines.o
    0x00009bce   0x0000057c   Code   RO        10467    i.LS_Calculate      calibrationroutines.o
    0x0000a14a   0x0000000e   Code   RO        10468    i.LS_Init           calibrationroutines.o
    0x0000a158   0x00000a08   Code   RO        10974    i.Madgwick_AHRS_Update_IMU  sensor.o
    0x0000ab60   0x00000462   Code   RO         6193    i.Mag_Calibartion_LS  calibration.o
    0x0000afc2   0x00000002   PAD
    0x0000afc4   0x00000380   Code   RO         6194    i.Mag_Calibration_Check  calibration.o
    0x0000b344   0x000000e0   Code   RO        10641    i.Main_Leading_Control  wp_ctrl.o
    0x0000b424   0x00000154   Code   RO         8926    i.NCLink_Data_Prase_Prepare  nclink.o
    0x0000b578   0x00001174   Code   RO         8927    i.NCLink_Data_Prase_Process  nclink.o
    0x0000c6ec   0x00000038   Code   RO        10833    i.NCQ_SDK_Reset     namelesscotrun_sdk.o
    0x0000c724   0x00000384   Code   RO        10834    i.NCQ_SDK_Run       namelesscotrun_sdk.o
    0x0000caa8   0x00000010   Code   RO         9628    i.NLink_Data_Send   topsensor.o
    0x0000cab8   0x00000060   Code   RO         9629    i.NLink_TOFSense_Read_Frame  topsensor.o
    0x0000cb18   0x00000068   Code   RO         6850    i.OLED_Init         oled.o
    0x0000cb80   0x00000060   Code   RO         6851    i.OLED_Init_Fast    oled.o
    0x0000cbe0   0x0000002c   Code   RO         9508    i.OPT_Is_Fix        opticalflow_control.o
    0x0000cc0c   0x0000026c   Code   RO        10975    i.Observation_Angle_Calculate  sensor.o
    0x0000ce78   0x00000644   Code   RO         7344    i.Observation_Tradeoff  sins.o
    0x0000d4bc   0x00000884   Code   RO        10786    i.Optflow_Prase     namelesscorun_opticalflow.o
    0x0000dd40   0x00000068   Code   RO        10787    i.Optflow_Statemachine  namelesscorun_opticalflow.o
    0x0000dda8   0x00000340   Code   RO        10788    i.OpticalFlow_CF    namelesscorun_opticalflow.o
    0x0000e0e8   0x000001e8   Code   RO         9509    i.OpticalFlow_Control  opticalflow_control.o
    0x0000e2d0   0x000001fc   Code   RO         9510    i.OpticalFlow_Control_Pure  opticalflow_control.o
    0x0000e4cc   0x00000048   Code   RO         9511    i.OpticalFlow_Ctrl_Reset  opticalflow_control.o
    0x0000e514   0x00000074   Code   RO         9512    i.OpticalFlow_Expect_Speed_Mapping  opticalflow_control.o
    0x0000e588   0x000000d8   Code   RO        10789    i.OpticalFlow_Init  namelesscorun_opticalflow.o
    0x0000e660   0x0000010c   Code   RO         9513    i.OpticalFlow_Pos_Control  opticalflow_control.o
    0x0000e76c   0x000000f0   Code   RO        10790    i.OpticalFlow_Rotate_Complementary_Filter  namelesscorun_opticalflow.o
    0x0000e85c   0x00000044   Code   RO         9514    i.OpticalFlow_SINS_Reset  opticalflow_control.o
    0x0000e8a0   0x00000250   Code   RO         9517    i.OpticalFlow_Vel_Control  opticalflow_control.o
    0x0000eaf0   0x00000100   Code   RO         6196    i.Other_Parameter_Default  calibration.o
    0x0000ebf0   0x00000174   Code   RO         6197    i.Other_Parameter_Init  calibration.o
    0x0000ed64   0x000001dc   Code   RO         7077    i.PID_Control       pid.o
    0x0000ef40   0x00000224   Code   RO         7078    i.PID_Control_Div_LPF  pid.o
    0x0000f164   0x00000284   Code   RO         7079    i.PID_Control_Div_LPF_For_Gyro  pid.o
    0x0000f3e8   0x00000258   Code   RO         7081    i.PID_Control_SDK_Err_LPF  pid.o
    0x0000f640   0x0000022c   Code   RO         7082    i.PID_Control_Yaw   pid.o
    0x0000f86c   0x00000174   Code   RO         7083    i.PID_Init          pid.o
    0x0000f9e0   0x00000010   Code   RO         7084    i.PID_Integrate_Reset  pid.o
    0x0000f9f0   0x00000048   Code   RO         7085    i.PID_LPF_Reset     pid.o
    0x0000fa38   0x00000398   Code   RO         7086    i.PID_Paramter_Init_With_Flash  pid.o
    0x0000fdd0   0x0000004c   Code   RO         7201    i.PPM_Init          ppm.o
    0x0000fe1c   0x00000030   Code   RO         3189    i.PWMGenConfigure   pwm.o
    0x0000fe4c   0x0000000a   Code   RO         3191    i.PWMGenEnable      pwm.o
    0x0000fe56   0x00000016   Code   RO         3204    i.PWMGenPeriodSet   pwm.o
    0x0000fe6c   0x00000014   Code   RO         3211    i.PWMOutputState    pwm.o
    0x0000fe80   0x00000026   Code   RO         3214    i.PWMPulseWidthSet  pwm.o
    0x0000fea6   0x00000002   PAD
    0x0000fea8   0x0000004c   Code   RO         8156    i.PWM_Output        wp_pwm.o
    0x0000fef4   0x00000510   Code   RO         6198    i.Parameter_Init    calibration.o
    0x00010404   0x00000030   Code   RO         8947    i.Pilot_Status_Tick  nclink.o
    0x00010434   0x000000e4   Code   RO         7202    i.PortFIntHandler   ppm.o
    0x00010518   0x0000001a   Code   RO         8659    i.QMC5883L_Init     qmc5883.o
    0x00010532   0x00000028   Code   RO         8660    i.QMC5883L_Initialize  qmc5883.o
    0x0001055a   0x0000000c   Code   RO         8665    i.QMC5883L_Reset    qmc5883.o
    0x00010566   0x00000012   Code   RO         8668    i.QMC5883L_Write_Reg  qmc5883.o
    0x00010578   0x000033c0   Code   RO         6652    i.QuadShow          key.o
    0x00013938   0x00000070   Code   RO         6387    i.Quad_Start_Bling  bling.o
    0x000139a8   0x000005ec   Code   RO        10976    i.Quaternion_Init   sensor.o
    0x00013f94   0x000001e0   Code   RO         6199    i.RC_Calibration_Check  calibration.o
    0x00014174   0x00000298   Code   RO         6200    i.RC_Calibration_Init  calibration.o
    0x0001440c   0x00000028   Code   RO         6201    i.RC_Calibration_RESET  calibration.o
    0x00014434   0x00000060   Code   RO         6202    i.RC_Calibration_Trigger  calibration.o
    0x00014494   0x00000054   Code   RO         7227    i.RC_Data_LPF_Filter  rc.o
    0x000144e8   0x00000032   Code   RO         7228    i.RC_Read_Switch    rc.o
    0x0001451a   0x00000002   PAD
    0x0001451c   0x00000058   Code   RO         7229    i.RC_Scale_Set      rc.o
    0x00014574   0x00000012   Code   RO         7926    i.ReadFlashParameterALL  wp_flash.o
    0x00014586   0x00000012   Code   RO         7927    i.ReadFlashParameterOne  wp_flash.o
    0x00014598   0x00000034   Code   RO         7928    i.ReadFlashParameterThree  wp_flash.o
    0x000145cc   0x00000020   Code   RO         7929    i.ReadFlashParameterTwo  wp_flash.o
    0x000145ec   0x0000002c   Code   RO        11178    i.Read_ADC_Button_State_All  adc_button.o
    0x00014618   0x00000094   Code   RO        11179    i.Read_ADC_Button_State_One  adc_button.o
    0x000146ac   0x00000020   Code   RO         6653    i.Read_Button_State_All  key.o
    0x000146cc   0x0000009a   Code   RO         6654    i.Read_Button_State_One  key.o
    0x00014766   0x00000002   PAD
    0x00014768   0x00000968   Code   RO         7230    i.Remote_Control    rc.o
    0x000150d0   0x00000158   Code   RO         7231    i.Remote_Data_Remap  rc.o
    0x00015228   0x00000002   Code   RO         9682    i.Reserved_IO_Init  reserved_io.o
    0x0001522a   0x00000002   Code   RO         9683    i.Reserved_IO_Test  reserved_io.o
    0x0001522c   0x00000008   Code   RO         9702    i.Reserved_Serialport_Init  reserved_serialport.o
    0x00015234   0x0000006c   Code   RO         6203    i.Reset_Accel_Calibartion  calibration.o
    0x000152a0   0x00000050   Code   RO         6204    i.Reset_Mag_Calibartion  calibration.o
    0x000152f0   0x00000018   Code   RO         6205    i.Reset_RC_Calibartion  calibration.o
    0x00015308   0x00000008   Code   RO        10743    i.Resume_Factory_Setting  license.o
    0x00015310   0x00000032   Code   RO         7283    i.RingBuf_Write     ringbuf.o
    0x00015342   0x0000000a   Code   RO         7284    i.RingBuff_Init     ringbuf.o
    0x0001534c   0x00000040   Code   RO        10837    i.SDK_DT_Reset      namelesscotrun_sdk.o
    0x0001538c   0x0000004c   Code   RO        10838    i.SDK_DT_Send_Check  namelesscotrun_sdk.o
    0x000153d8   0x00000014   Code   RO        10839    i.SDK_DT_Send_Data  namelesscotrun_sdk.o
    0x000153ec   0x00000064   Code   RO        10840    i.SDK_Data_Prase_1  namelesscotrun_sdk.o
    0x00015450   0x00000104   Code   RO        10842    i.SDK_Data_Receive_Prepare  namelesscotrun_sdk.o
    0x00015554   0x00000060   Code   RO        10843    i.SDK_Init          namelesscotrun_sdk.o
    0x000155b4   0x00000028   Code   RO        11141    i.SDK_Transform_Delay  developer_mode.o
    0x000155dc   0x000000d0   Code   RO        11142    i.SDK_Transform_function  developer_mode.o
    0x000156ac   0x0000021c   Code   RO         7345    i.SINS_Prepare      sins.o
    0x000158c8   0x0000001e   Code   RO         7456    i.SPL06_Init        spl06.o
    0x000158e6   0x00000002   PAD
    0x000158e8   0x00000028   Code   RO         7457    i.SPL06_Read_Data   spl06.o
    0x00015910   0x000006d8   Code   RO         7087    i.Save_Or_Reset_PID_Parameter  pid.o
    0x00015fe8   0x0000005c   Code   RO         7088    i.Save_PID_Parameter  pid.o
    0x00016044   0x0000005c   Code   RO        10744    i.Schedule_init     license.o
    0x000160a0   0x000001d4   Code   RO         9521    i.Self_Track_Control_Pliot  opticalflow_control.o
    0x00016274   0x00000014   Code   RO         7054    i.SensorConfig_UartSend  opticalflow_lc306.o
    0x00016288   0x00000394   Code   RO        10977    i.Sensor_Update     sensor.o
    0x0001661c   0x00000040   Code   RO        11262    i.SetLimitValue     vl53l1_api.o
    0x0001665c   0x00000072   Code   RO        11263    i.SetPresetMode     vl53l1_api.o
    0x000166ce   0x00000002   PAD
    0x000166d0   0x00000154   Code   RO        11264    i.SetSimpleData     vl53l1_api.o
    0x00016824   0x000000d4   Code   RO         6443    i.Set_Cutoff_Frequency  filter.o
    0x000168f8   0x0000000c   Code   RO         6581    i.Set_GPS_USART     gps.o
    0x00016904   0x00000068   Code   RO        11099    i.Simulation_PWM_Init  temperature_ctrl.o
    0x0001696c   0x00000044   Code   RO        11100    i.Simulation_PWM_Output  temperature_ctrl.o
    0x000169b0   0x00000010   Code   RO         6742    i.Single_ReadI2C    myiic.o
    0x000169c0   0x00000010   Code   RO         8598    i.Single_ReadI2C0   soft_i2c.o
    0x000169d0   0x00000014   Code   RO         6743    i.Single_WriteI2C   myiic.o
    0x000169e4   0x00000014   Code   RO         8599    i.Single_WriteI2C0  soft_i2c.o
    0x000169f8   0x000000dc   Code   RO         7348    i.Strapdown_INS_High_Kalman  sins.o
    0x00016ad4   0x00000010   Code   RO         7561    i.SycTickHandler    time.o
    0x00016ae4   0x00000108   Code   RO         3869    i.SysCtlClockGet    sysctl.o
    0x00016bec   0x0000013c   Code   RO         3871    i.SysCtlClockSet    sysctl.o
    0x00016d28   0x00000014   Code   RO         3895    i.SysCtlPWMClockSet  sysctl.o
    0x00016d3c   0x00000034   Code   RO         3900    i.SysCtlPeripheralEnable  sysctl.o
    0x00016d70   0x00000038   Code   RO         3904    i.SysCtlPeripheralReady  sysctl.o
    0x00016da8   0x00000070   Code   RO         3905    i.SysCtlPeripheralReset  sysctl.o
    0x00016e18   0x00000012   Code   RO         4273    i.SysTickEnable     systick.o
    0x00016e2a   0x00000012   Code   RO         4275    i.SysTickIntEnable  systick.o
    0x00016e3c   0x0000001e   Code   RO         4276    i.SysTickIntRegister  systick.o
    0x00016e5a   0x0000000a   Code   RO         4278    i.SysTickPeriodGet  systick.o
    0x00016e64   0x0000000a   Code   RO         4279    i.SysTickPeriodSet  systick.o
    0x00016e6e   0x00000008   Code   RO         4280    i.SysTickValueGet   systick.o
    0x00016e76   0x00000002   PAD
    0x00016e78   0x00000028   Code   RO        10745    i.System_Start_Init  license.o
    0x00016ea0   0x00000220   Code   RO         8748    i.TFmini_Statemachine  tfmini.o
    0x000170c0   0x0000008c   Code   RO         7633    i.TIMER0A_Handler   time_cnt.o
    0x0001714c   0x0000002c   Code   RO        10746    i.TIMER1A_Handler   license.o
    0x00017178   0x00000198   Code   RO         9630    i.TOFSense_Data_Receive_Anl  topsensor.o
    0x00017310   0x00000002   Code   RO         9631    i.TOFSense_IIC_Update  topsensor.o
    0x00017312   0x00000002   PAD
    0x00017314   0x000000ec   Code   RO         9632    i.TOF_Sense_Prase   topsensor.o
    0x00017400   0x000001cc   Code   RO         9633    i.TOF_Statemachine  topsensor.o
    0x000175cc   0x00000050   Code   RO         7089    i.Take_Off_Reset    pid.o
    0x0001761c   0x0000006c   Code   RO        11101    i.Temperature_Ctrl  temperature_ctrl.o
    0x00017688   0x00000134   Code   RO        11102    i.Temperature_Ctrl_Init  temperature_ctrl.o
    0x000177bc   0x0000003c   Code   RO        11103    i.Temperature_State_Check  temperature_ctrl.o
    0x000177f8   0x00000048   Code   RO         7320    i.Test_Period       schedule.o
    0x00017840   0x000000bc   Code   RO        10430    i.Thr_Push_Over_Deadband  control_althold.o
    0x000178fc   0x00000064   Code   RO        10431    i.Thr_Scale_Set     control_althold.o
    0x00017960   0x00000254   Code   RO        10642    i.Throttle_Angle_Compensate  wp_ctrl.o
    0x00017bb4   0x00000068   Code   RO         7090    i.Throttle_Control_Reset  pid.o
    0x00017c1c   0x0000005c   Code   RO         7635    i.Time0A_init       time_cnt.o
    0x00017c78   0x00000014   Code   RO         7637    i.Time_init         time_cnt.o
    0x00017c8c   0x00000060   Code   RO         4339    i.TimerConfigure    timer.o
    0x00017cec   0x0000000e   Code   RO         4348    i.TimerEnable       timer.o
    0x00017cfa   0x00000004   Code   RO         4349    i.TimerIntClear     timer.o
    0x00017cfe   0x00000008   Code   RO         4351    i.TimerIntEnable    timer.o
    0x00017d06   0x00000026   Code   RO         4352    i.TimerIntRegister  timer.o
    0x00017d2c   0x00000010   Code   RO         4357    i.TimerLoadSet      timer.o
    0x00017d3c   0x00000100   Code   RO         9522    i.Top_APrilTag_Control_Pliot  opticalflow_control.o
    0x00017e3c   0x0000000c   Code   RO        10643    i.Total_Control     wp_ctrl.o
    0x00017e48   0x00000128   Code   RO         7091    i.Total_PID_Init    pid.o
    0x00017f70   0x00000050   Code   RO         7746    i.UART0_IRQHandler  usart.o
    0x00017fc0   0x00000034   Code   RO         7747    i.UART1_IRQHandler  usart.o
    0x00017ff4   0x00000044   Code   RO         7748    i.UART2_IRQHandler  usart.o
    0x00018038   0x00000050   Code   RO         7749    i.UART3_IRQHandler  usart.o
    0x00018088   0x00000054   Code   RO         7750    i.UART6_IRQHandler  usart.o
    0x000180dc   0x000000ac   Code   RO         7751    i.UART7_IRQHandler  usart.o
    0x00018188   0x00000012   Code   RO         4582    i.UARTCharGet       uart.o
    0x0001819a   0x00000010   Code   RO         4584    i.UARTCharPut       uart.o
    0x000181aa   0x0000000c   Code   RO         4586    i.UARTCharsAvail    uart.o
    0x000181b6   0x00000006   Code   RO         4588    i.UARTClockSourceSet  uart.o
    0x000181bc   0x0000004c   Code   RO         4590    i.UARTConfigSetExpClk  uart.o
    0x00018208   0x00000020   Code   RO         4593    i.UARTDisable       uart.o
    0x00018228   0x00000014   Code   RO         4595    i.UARTEnable        uart.o
    0x0001823c   0x0000000a   Code   RO         4597    i.UARTFIFODisable   uart.o
    0x00018246   0x00000004   Code   RO         4603    i.UARTIntClear      uart.o
    0x0001824a   0x00000008   Code   RO         4605    i.UARTIntEnable     uart.o
    0x00018252   0x0000001e   Code   RO         4606    i.UARTIntRegister   uart.o
    0x00018270   0x0000000c   Code   RO         4607    i.UARTIntStatus     uart.o
    0x0001827c   0x0000006c   Code   RO         6125    i.UARTStdioConfig   uartstdio.o
    0x000182e8   0x00000020   Code   RO         7752    i.USART0_Send       usart.o
    0x00018308   0x00000020   Code   RO         7753    i.USART1_Send       usart.o
    0x00018328   0x00000020   Code   RO         7755    i.USART3_Send       usart.o
    0x00018348   0x00000020   Code   RO         7756    i.USART6_Send       usart.o
    0x00018368   0x00000020   Code   RO         7757    i.USART7_Send       usart.o
    0x00018388   0x0000001a   Code   RO         7680    i.US_100_Distance   us_100.o
    0x000183a2   0x00000002   PAD
    0x000183a4   0x00000010   Code   RO         7681    i.US_100_Start      us_100.o
    0x000183b4   0x00000260   Code   RO         7682    i.US_100_Statemachine  us_100.o
    0x00018614   0x0000011c   Code   RO         6582    i.Ublox_Set_Output_PVT_10hz_Baud_Set  gps.o
    0x00018730   0x000000a4   Code   RO         9226    i.VL53L1Init        vl53l1x.o
    0x000187d4   0x00000124   Code   RO         9227    i.VL53L1X_Get_Distance  vl53l1x.o
    0x000188f8   0x00000034   Code   RO        11266    i.VL53L1_ClearInterruptAndStartMeasurement  vl53l1_api.o
    0x0001892c   0x00000064   Code   RO        11267    i.VL53L1_DataInit   vl53l1_api.o
    0x00018990   0x0000001c   Code   RO        11273    i.VL53L1_GetLimitCheckEnable  vl53l1_api.o
    0x000189ac   0x00000072   Code   RO        11276    i.VL53L1_GetLimitCheckValue  vl53l1_api.o
    0x00018a1e   0x00000016   Code   RO        11277    i.VL53L1_GetMeasurementDataReady  vl53l1_api.o
    0x00018a34   0x00000044   Code   RO        11288    i.VL53L1_GetRangingMeasurementData  vl53l1_api.o
    0x00018a78   0x0000001e   Code   RO        11289    i.VL53L1_GetSequenceStepEnable  vl53l1_api.o
    0x00018a96   0x00000002   PAD
    0x00018a98   0x00000054   Code   RO         9360    i.VL53L1_I2C_Init   vl53l1x_i2c.o
    0x00018aec   0x00000020   Code   RO         9266    i.VL53L1_RdByte     vl53l1_platform.o
    0x00018b0c   0x00000020   Code   RO         9268    i.VL53L1_RdWord     vl53l1_platform.o
    0x00018b2c   0x00000028   Code   RO         9269    i.VL53L1_ReadMulti  vl53l1_platform.o
    0x00018b54   0x0000001c   Code   RO         9361    i.VL53L1_SDA_IN     vl53l1x_i2c.o
    0x00018b70   0x0000001c   Code   RO         9362    i.VL53L1_SDA_OUT    vl53l1x_i2c.o
    0x00018b8c   0x00000096   Code   RO        11302    i.VL53L1_SetDistanceMode  vl53l1_api.o
    0x00018c22   0x00000016   Code   RO        11303    i.VL53L1_SetInterMeasurementPeriodMilliSeconds  vl53l1_api.o
    0x00018c38   0x00000048   Code   RO        11304    i.VL53L1_SetLimitCheckEnable  vl53l1_api.o
    0x00018c80   0x00000046   Code   RO        11305    i.VL53L1_SetLimitCheckValue  vl53l1_api.o
    0x00018cc6   0x00000002   PAD
    0x00018cc8   0x00000128   Code   RO        11306    i.VL53L1_SetMeasurementTimingBudgetMicroSeconds  vl53l1_api.o
    0x00018df0   0x00000062   Code   RO        11308    i.VL53L1_SetPresetMode  vl53l1_api.o
    0x00018e52   0x0000006c   Code   RO        11314    i.VL53L1_StartMeasurement  vl53l1_api.o
    0x00018ebe   0x0000002e   Code   RO        11315    i.VL53L1_StaticInit  vl53l1_api.o
    0x00018eec   0x0000001a   Code   RO        11316    i.VL53L1_StopMeasurement  vl53l1_api.o
    0x00018f06   0x00000016   Code   RO        11317    i.VL53L1_WaitDeviceBooted  vl53l1_api.o
    0x00018f1c   0x00000006   Code   RO         9271    i.VL53L1_WaitMs     vl53l1_platform.o
    0x00018f22   0x00000006   Code   RO         9272    i.VL53L1_WaitUs     vl53l1_platform.o
    0x00018f28   0x0000006a   Code   RO         9273    i.VL53L1_WaitValueMaskEx  vl53l1_platform.o
    0x00018f92   0x00000028   Code   RO         9277    i.VL53L1_WriteMulti  vl53l1_platform.o
    0x00018fba   0x00000020   Code   RO        12282    i.VL53L1_calc_decoded_timeout_us  vl53l1_core.o
    0x00018fda   0x00000020   Code   RO        12283    i.VL53L1_calc_encoded_timeout  vl53l1_core.o
    0x00018ffa   0x00000032   Code   RO        12284    i.VL53L1_calc_macro_period_us  vl53l1_core.o
    0x0001902c   0x0000000e   Code   RO        12629    i.VL53L1_calc_pll_period_us  vl53l1_core_support.o
    0x0001903a   0x00000068   Code   RO        12286    i.VL53L1_calc_range_ignore_threshold  vl53l1_core.o
    0x000190a2   0x00000010   Code   RO        12287    i.VL53L1_calc_timeout_mclks  vl53l1_core.o
    0x000190b2   0x00000096   Code   RO        12288    i.VL53L1_calc_timeout_register_values  vl53l1_core.o
    0x00019148   0x00000026   Code   RO        12289    i.VL53L1_calc_timeout_us  vl53l1_core.o
    0x0001916e   0x00000068   Code   RO        12290    i.VL53L1_check_ll_driver_rd_state  vl53l1_core.o
    0x000191d6   0x0000001a   Code   RO        11768    i.VL53L1_clear_interrupt_and_enable_next_range  vl53l1_api_core.o
    0x000191f0   0x0000001e   Code   RO        12292    i.VL53L1_config_low_power_auto_mode  vl53l1_core.o
    0x0001920e   0x00000086   Code   RO        12293    i.VL53L1_copy_rtn_good_spads_to_buffer  vl53l1_core.o
    0x00019294   0x000001e6   Code   RO        11769    i.VL53L1_copy_sys_and_core_results_to_range_results  vl53l1_api_core.o
    0x0001947a   0x000000c6   Code   RO        11770    i.VL53L1_data_init  vl53l1_api_core.o
    0x00019540   0x0000002e   Code   RO        12630    i.VL53L1_decode_row_col  vl53l1_core_support.o
    0x0001956e   0x0000000e   Code   RO        12295    i.VL53L1_decode_timeout  vl53l1_core.o
    0x0001957c   0x0000000c   Code   RO        12631    i.VL53L1_decode_vcsel_period  vl53l1_core_support.o
    0x00019588   0x0000000c   Code   RO        12298    i.VL53L1_decode_zone_size  vl53l1_core.o
    0x00019594   0x00000022   Code   RO        12304    i.VL53L1_encode_row_col  vl53l1_core.o
    0x000195b6   0x00000028   Code   RO        12305    i.VL53L1_encode_timeout  vl53l1_core.o
    0x000195de   0x00000008   Code   RO        12308    i.VL53L1_encode_zone_size  vl53l1_core.o
    0x000195e6   0x0000002e   Code   RO        12665    i.VL53L1_get_customer_nvm_managed  vl53l1_register_funcs.o
    0x00019614   0x000000a8   Code   RO        11775    i.VL53L1_get_device_results  vl53l1_api_core.o
    0x000196bc   0x00000012   Code   RO        11778    i.VL53L1_get_lite_min_count_rate  vl53l1_api_core.o
    0x000196ce   0x00000012   Code   RO        11779    i.VL53L1_get_lite_sigma_threshold  vl53l1_api_core.o
    0x000196e0   0x000000b2   Code   RO        11781    i.VL53L1_get_measurement_results  vl53l1_api_core.o
    0x00019792   0x00000042   Code   RO        11782    i.VL53L1_get_mode_mitigation_roi  vl53l1_api_core.o
    0x000197d4   0x00000030   Code   RO        12666    i.VL53L1_get_nvm_copy_data  vl53l1_register_funcs.o
    0x00019804   0x000000c8   Code   RO        11786    i.VL53L1_get_preset_mode_timing_cfg  vl53l1_api_core.o
    0x000198cc   0x00000034   Code   RO        11789    i.VL53L1_get_sequence_config_bit  vl53l1_api_core.o
    0x00019900   0x0000002a   Code   RO        12667    i.VL53L1_get_static_nvm_managed  vl53l1_register_funcs.o
    0x0001992a   0x00000098   Code   RO        11790    i.VL53L1_get_timeouts_us  vl53l1_api_core.o
    0x000199c2   0x0000025e   Code   RO        11791    i.VL53L1_get_tuning_parm  vl53l1_api_core.o
    0x00019c20   0x0000002e   Code   RO        11792    i.VL53L1_get_user_zone  vl53l1_api_core.o
    0x00019c4e   0x00000080   Code   RO        12669    i.VL53L1_i2c_decode_core_results  vl53l1_register_funcs.o
    0x00019cce   0x000000a4   Code   RO        12670    i.VL53L1_i2c_decode_customer_nvm_managed  vl53l1_register_funcs.o
    0x00019d72   0x0000018a   Code   RO        12671    i.VL53L1_i2c_decode_debug_results  vl53l1_register_funcs.o
    0x00019efc   0x00000026   Code   RO        12310    i.VL53L1_i2c_decode_int16_t  vl53l1_core.o
    0x00019f22   0x00000024   Code   RO        12311    i.VL53L1_i2c_decode_int32_t  vl53l1_core.o
    0x00019f46   0x00000142   Code   RO        12673    i.VL53L1_i2c_decode_nvm_copy_data  vl53l1_register_funcs.o
    0x0001a088   0x00000062   Code   RO        12675    i.VL53L1_i2c_decode_static_nvm_managed  vl53l1_register_funcs.o
    0x0001a0ea   0x00000124   Code   RO        12676    i.VL53L1_i2c_decode_system_results  vl53l1_register_funcs.o
    0x0001a20e   0x0000001e   Code   RO        12312    i.VL53L1_i2c_decode_uint16_t  vl53l1_core.o
    0x0001a22c   0x0000001c   Code   RO        12313    i.VL53L1_i2c_decode_uint32_t  vl53l1_core.o
    0x0001a248   0x000000ac   Code   RO        12677    i.VL53L1_i2c_encode_customer_nvm_managed  vl53l1_register_funcs.o
    0x0001a2f4   0x0000008c   Code   RO        12678    i.VL53L1_i2c_encode_dynamic_config  vl53l1_register_funcs.o
    0x0001a380   0x00000092   Code   RO        12679    i.VL53L1_i2c_encode_general_config  vl53l1_register_funcs.o
    0x0001a412   0x00000020   Code   RO        12315    i.VL53L1_i2c_encode_int16_t  vl53l1_core.o
    0x0001a432   0x000000e6   Code   RO        12680    i.VL53L1_i2c_encode_static_config  vl53l1_register_funcs.o
    0x0001a518   0x00000062   Code   RO        12681    i.VL53L1_i2c_encode_static_nvm_managed  vl53l1_register_funcs.o
    0x0001a57a   0x00000038   Code   RO        12682    i.VL53L1_i2c_encode_system_control  vl53l1_register_funcs.o
    0x0001a5b2   0x00000090   Code   RO        12683    i.VL53L1_i2c_encode_timing_config  vl53l1_register_funcs.o
    0x0001a642   0x00000020   Code   RO        12317    i.VL53L1_i2c_encode_uint16_t  vl53l1_core.o
    0x0001a662   0x00000020   Code   RO        12318    i.VL53L1_i2c_encode_uint32_t  vl53l1_core.o
    0x0001a682   0x00000274   Code   RO        11796    i.VL53L1_init_and_start_range  vl53l1_api_core.o
    0x0001a8f6   0x00000026   Code   RO        12319    i.VL53L1_init_ll_driver_state  vl53l1_core.o
    0x0001a91c   0x00000026   Code   RO        12110    i.VL53L1_init_offset_cal_config_struct  vl53l1_api_preset_modes.o
    0x0001a942   0x00000022   Code   RO        12111    i.VL53L1_init_refspadchar_config_struct  vl53l1_api_preset_modes.o
    0x0001a964   0x00000020   Code   RO        12112    i.VL53L1_init_ssc_config_struct  vl53l1_api_preset_modes.o
    0x0001a984   0x000000a4   Code   RO        12113    i.VL53L1_init_tuning_parm_storage_struct  vl53l1_api_preset_modes.o
    0x0001aa28   0x0000001c   Code   RO        12321    i.VL53L1_init_version  vl53l1_core.o
    0x0001aa44   0x00000066   Code   RO        12114    i.VL53L1_init_xtalk_config_struct  vl53l1_api_preset_modes.o
    0x0001aaaa   0x00000054   Code   RO        12835    i.VL53L1_is_new_data_ready  vl53l1_wait.o
    0x0001aafe   0x00000034   Code   RO        12323    i.VL53L1_low_power_auto_data_init  vl53l1_core.o
    0x0001ab32   0x00000050   Code   RO        12324    i.VL53L1_low_power_auto_data_stop_range  vl53l1_core.o
    0x0001ab82   0x00000062   Code   RO        12325    i.VL53L1_low_power_auto_setup_manual_calibration  vl53l1_core.o
    0x0001abe4   0x0000009e   Code   RO        12326    i.VL53L1_low_power_auto_update_DSS  vl53l1_core.o
    0x0001ac82   0x00000038   Code   RO        12836    i.VL53L1_poll_for_boot_completion  vl53l1_wait.o
    0x0001acba   0x0000003c   Code   RO        12115    i.VL53L1_preset_mode_low_power_auto_long_ranging  vl53l1_api_preset_modes.o
    0x0001acf6   0x0000003c   Code   RO        12116    i.VL53L1_preset_mode_low_power_auto_ranging  vl53l1_api_preset_modes.o
    0x0001ad32   0x0000003c   Code   RO        12117    i.VL53L1_preset_mode_low_power_auto_short_ranging  vl53l1_api_preset_modes.o
    0x0001ad6e   0x00000030   Code   RO        12118    i.VL53L1_preset_mode_olt  vl53l1_api_preset_modes.o
    0x0001ad9e   0x0000004e   Code   RO        12119    i.VL53L1_preset_mode_singleshot_ranging  vl53l1_api_preset_modes.o
    0x0001adec   0x0000013a   Code   RO        12120    i.VL53L1_preset_mode_standard_ranging  vl53l1_api_preset_modes.o
    0x0001af26   0x00000054   Code   RO        12121    i.VL53L1_preset_mode_standard_ranging_long_range  vl53l1_api_preset_modes.o
    0x0001af7a   0x00000034   Code   RO        12122    i.VL53L1_preset_mode_standard_ranging_mm1_cal  vl53l1_api_preset_modes.o
    0x0001afae   0x00000034   Code   RO        12123    i.VL53L1_preset_mode_standard_ranging_mm2_cal  vl53l1_api_preset_modes.o
    0x0001afe2   0x00000054   Code   RO        12124    i.VL53L1_preset_mode_standard_ranging_short_range  vl53l1_api_preset_modes.o
    0x0001b036   0x00000054   Code   RO        12125    i.VL53L1_preset_mode_timed_ranging  vl53l1_api_preset_modes.o
    0x0001b08a   0x00000054   Code   RO        12126    i.VL53L1_preset_mode_timed_ranging_long_range  vl53l1_api_preset_modes.o
    0x0001b0de   0x00000056   Code   RO        12127    i.VL53L1_preset_mode_timed_ranging_short_range  vl53l1_api_preset_modes.o
    0x0001b134   0x00000020   Code   RO         9363    i.VL53L1_read_byte  vl53l1x_i2c.o
    0x0001b154   0x00000028   Code   RO         9365    i.VL53L1_read_multi  vl53l1x_i2c.o
    0x0001b17c   0x0000009c   Code   RO        11797    i.VL53L1_read_p2p_data  vl53l1_api_core.o
    0x0001b218   0x0000002a   Code   RO         9366    i.VL53L1_read_word  vl53l1x_i2c.o
    0x0001b242   0x0000002a   Code   RO        11802    i.VL53L1_set_inter_measurement_period_ms  vl53l1_api_core.o
    0x0001b26c   0x00000010   Code   RO        11804    i.VL53L1_set_lite_min_count_rate  vl53l1_api_core.o
    0x0001b27c   0x00000010   Code   RO        11805    i.VL53L1_set_lite_sigma_threshold  vl53l1_api_core.o
    0x0001b28c   0x000001da   Code   RO        11810    i.VL53L1_set_preset_mode  vl53l1_api_core.o
    0x0001b466   0x0000002a   Code   RO        12689    i.VL53L1_set_system_control  vl53l1_register_funcs.o
    0x0001b490   0x00000050   Code   RO        11814    i.VL53L1_set_timeouts_us  vl53l1_api_core.o
    0x0001b4e0   0x0000002a   Code   RO        11816    i.VL53L1_set_user_zone  vl53l1_api_core.o
    0x0001b50a   0x00000020   Code   RO        11818    i.VL53L1_set_vhv_loopbound  vl53l1_api_core.o
    0x0001b52a   0x00000054   Code   RO        11820    i.VL53L1_stop_range  vl53l1_api_core.o
    0x0001b57e   0x00000082   Code   RO        12336    i.VL53L1_update_ll_driver_cfg_state  vl53l1_core.o
    0x0001b600   0x000000ac   Code   RO        12337    i.VL53L1_update_ll_driver_rd_state  vl53l1_core.o
    0x0001b6ac   0x00000028   Code   RO         9369    i.VL53L1_write_multi  vl53l1x_i2c.o
    0x0001b6d4   0x00000072   Code   RO         9371    i.VL_I2C_Read_nByte  vl53l1x_i2c.o
    0x0001b746   0x0000005a   Code   RO         9372    i.VL_I2C_Write_nByte  vl53l1x_i2c.o
    0x0001b7a0   0x00000040   Code   RO         9373    i.VL_IIC_Ack        vl53l1x_i2c.o
    0x0001b7e0   0x00000040   Code   RO         9374    i.VL_IIC_NAck       vl53l1x_i2c.o
    0x0001b820   0x00000064   Code   RO         9376    i.VL_IIC_Read_Byte  vl53l1x_i2c.o
    0x0001b884   0x00000068   Code   RO         9377    i.VL_IIC_Send_Byte  vl53l1x_i2c.o
    0x0001b8ec   0x00000034   Code   RO         9378    i.VL_IIC_Start      vl53l1x_i2c.o
    0x0001b920   0x00000034   Code   RO         9379    i.VL_IIC_Stop       vl53l1x_i2c.o
    0x0001b954   0x00000054   Code   RO         9380    i.VL_IIC_Wait_Ack   vl53l1x_i2c.o
    0x0001b9a8   0x00000014   Code   RO        10644    i.Value_Limit       wp_ctrl.o
    0x0001b9bc   0x00000080   Code   RO         7350    i.Vector_From_BodyFrame2EarthFrame  sins.o
    0x0001ba3c   0x00000048   Code   RO        10747    i.WP_Init           license.o
    0x0001ba84   0x000000e0   Code   RO        10978    i.WP_Quad_Init      sensor.o
    0x0001bb64   0x0000002e   Code   RO         7932    i.WriteFlashParameter  wp_flash.o
    0x0001bb92   0x0000004a   Code   RO         7933    i.WriteFlashParameter_Three  wp_flash.o
    0x0001bbdc   0x0000003c   Code   RO         7934    i.WriteFlashParameter_Two  wp_flash.o
    0x0001bc18   0x000000d0   Code   RO        10645    i.Yaw_Fault_Check   wp_ctrl.o
    0x0001bce8   0x00000060   Code   RO           39    i._ADCIntNumberGet  adc.o
    0x0001bd48   0x00000038   Code   RO          842    i._EEPROMSectorMaskClear  eeprom.o
    0x0001bd80   0x00000040   Code   RO          843    i._EEPROMSectorMaskSet  eeprom.o
    0x0001bdc0   0x00000014   Code   RO          844    i._EEPROMWaitForDone  eeprom.o
    0x0001bdd4   0x0000004c   Code   RO         1879    i._GPIOIntNumberGet  gpio.o
    0x0001be20   0x00000058   Code   RO         4372    i._TimerIntNumberGet  timer.o
    0x0001be78   0x0000004c   Code   RO         4622    i._UARTIntNumberGet  uart.o
    0x0001bec4   0x00000030   Code   RO        13461    i.__ARM_fpclassify  m_wm.l(fpclassify.o)
    0x0001bef4   0x00000026   Code   RO        13463    i.__ARM_fpclassifyf  m_wm.l(fpclassifyf.o)
    0x0001bf1a   0x0000000e   Code   RO         6206    i.__ARM_isnanf      calibration.o
    0x0001bf28   0x0000000e   Code   RO         6445    i.__ARM_isnanf      filter.o
    0x0001bf36   0x0000000e   Code   RO         6706    i.__ARM_isnanf      icm2068x.o
    0x0001bf44   0x0000000e   Code   RO         7092    i.__ARM_isnanf      pid.o
    0x0001bf52   0x0000000e   Code   RO         7352    i.__ARM_isnanf      sins.o
    0x0001bf60   0x0000000e   Code   RO         8012    i.__ARM_isnanf      wp_math.o
    0x0001bf6e   0x0000000e   Code   RO        10845    i.__ARM_isnanf      namelesscotrun_sdk.o
    0x0001bf7c   0x0000000e   Code   RO        10979    i.__ARM_isnanf      sensor.o
    0x0001bf8a   0x00000006   PAD
    0x0001bf90   0x00000360   Code   RO        13111    i.__hardfp_asin     m_wm.l(asin.o)
    0x0001c2f0   0x000002d8   Code   RO        13137    i.__hardfp_atan     m_wm.l(atan.o)
    0x0001c5c8   0x000001f0   Code   RO        13151    i.__hardfp_atan2    m_wm.l(atan2.o)
    0x0001c7b8   0x00000160   Code   RO        13163    i.__hardfp_atanf    m_wm.l(atanf.o)
    0x0001c918   0x000000c8   Code   RO        13181    i.__hardfp_cos      m_wm.l(cos.o)
    0x0001c9e0   0x00000150   Code   RO        13193    i.__hardfp_cosf     m_wm.l(cosf.o)
    0x0001cb30   0x00000048   Code   RO        13323    i.__hardfp_fminf    m_wm.l(fminf.o)
    0x0001cb78   0x0000060c   Code   RO        13243    i.__hardfp_powf     m_wm.l(powf.o)
    0x0001d184   0x00000004   PAD
    0x0001d188   0x000000c8   Code   RO        13257    i.__hardfp_sin      m_wm.l(sin.o)
    0x0001d250   0x0000007a   Code   RO        13269    i.__hardfp_sqrt     m_wm.l(sqrt.o)
    0x0001d2ca   0x0000003a   Code   RO        13281    i.__hardfp_sqrtf    m_wm.l(sqrtf.o)
    0x0001d304   0x0000017c   Code   RO        13311    i.__hardfp_tanf     m_wm.l(tanf.o)
    0x0001d480   0x00000438   Code   RO        13496    i.__ieee754_rem_pio2  m_wm.l(rred.o)
    0x0001d8b8   0x00000170   Code   RO        13444    i.__kernel_cos      m_wm.l(cos_i.o)
    0x0001da28   0x000000f8   Code   RO        13493    i.__kernel_poly     m_wm.l(poly.o)
    0x0001db20   0x00000130   Code   RO        13504    i.__kernel_sin      m_wm.l(sin_i.o)
    0x0001dc50   0x00000014   Code   RO        13448    i.__mathlib_dbl_infnan  m_wm.l(dunder.o)
    0x0001dc64   0x00000014   Code   RO        13449    i.__mathlib_dbl_infnan2  m_wm.l(dunder.o)
    0x0001dc78   0x00000020   Code   RO        13450    i.__mathlib_dbl_invalid  m_wm.l(dunder.o)
    0x0001dc98   0x00000020   Code   RO        13453    i.__mathlib_dbl_underflow  m_wm.l(dunder.o)
    0x0001dcb8   0x00000014   Code   RO        13465    i.__mathlib_flt_divzero  m_wm.l(funder.o)
    0x0001dccc   0x00000006   Code   RO        13466    i.__mathlib_flt_infnan  m_wm.l(funder.o)
    0x0001dcd2   0x00000006   Code   RO        13467    i.__mathlib_flt_infnan2  m_wm.l(funder.o)
    0x0001dcd8   0x00000010   Code   RO        13468    i.__mathlib_flt_invalid  m_wm.l(funder.o)
    0x0001dce8   0x00000010   Code   RO        13469    i.__mathlib_flt_overflow  m_wm.l(funder.o)
    0x0001dcf8   0x00000010   Code   RO        13471    i.__mathlib_flt_underflow  m_wm.l(funder.o)
    0x0001dd08   0x00000154   Code   RO        13501    i.__mathlib_rredf2  m_wm.l(rredf.o)
    0x0001de5c   0x00000010   Code   RO        13139    i.atan              m_wm.l(atan.o)
    0x0001de6c   0x00000020   Code   RO        10846    i.auto_altland      namelesscotrun_sdk.o
    0x0001de8c   0x00000054   Code   RO         8013    i.constrain_float   wp_math.o
    0x0001dee0   0x00000016   Code   RO         7232    i.constrain_int16_t  rc.o
    0x0001def6   0x00000012   Code   RO         7562    i.delay             time.o
    0x0001df08   0x00000018   Code   RO         7563    i.delayMicroseconds  time.o
    0x0001df20   0x0000000c   Code   RO         7564    i.delay_ms          time.o
    0x0001df2c   0x0000000c   Code   RO         7565    i.delay_us          time.o
    0x0001df38   0x00000020   Code   RO         6859    i.display_6_8_number  oled.o
    0x0001df58   0x00000014   Code   RO         6860    i.display_6_8_string  oled.o
    0x0001df6c   0x00000002   Code   RO         8180    i.draw_gps_wave     ssd1306.o
    0x0001df6e   0x00000002   PAD
    0x0001df70   0x0000011c   Code   RO         8181    i.draw_ins_wave     ssd1306.o
    0x0001e08c   0x00000038   Code   RO         8182    i.draw_oled         ssd1306.o
    0x0001e0c4   0x00000018   Code   RO        13207    i.fabs              m_wm.l(fabs.o)
    0x0001e0dc   0x00000074   Code   RO         6744    i.i2c0Read          myiic.o
    0x0001e150   0x00000014   Code   RO         6746    i.i2c0Write         myiic.o
    0x0001e164   0x000000a8   Code   RO         6747    i.i2c0WriteData     myiic.o
    0x0001e20c   0x00000058   Code   RO         6748    i.i2cRead           myiic.o
    0x0001e264   0x000000ac   Code   RO         6749    i.i2cReadData       myiic.o
    0x0001e310   0x00000014   Code   RO         6750    i.i2cWrite          myiic.o
    0x0001e324   0x00000080   Code   RO         6751    i.i2cWriteData      myiic.o
    0x0001e3a4   0x000002e8   Code   RO        10980    i.imuComputeRotationMatrix  sensor.o
    0x0001e68c   0x00000034   Code   RO         7566    i.initTime          time.o
    0x0001e6c0   0x0000003c   Code   RO        10981    i.invSqrt           sensor.o
    0x0001e6fc   0x00000016   Code   RO         6655    i.key_delay         key.o
    0x0001e712   0x00000002   PAD
    0x0001e714   0x000000bc   Code   RO        10505    i.land_a_run        control_land.o
    0x0001e7d0   0x0000023c   Code   RO        10506    i.land_althold      control_land.o
    0x0001ea0c   0x000000c0   Code   RO        10508    i.land_nogps_run    control_land.o
    0x0001eacc   0x00000060   Code   RO        10511    i.land_reset        control_land.o
    0x0001eb2c   0x00000008   Code   RO        10512    i.land_run          control_land.o
    0x0001eb34   0x000000e4   Code   RO        10514    i.landon_earth_check  control_land.o
    0x0001ec18   0x00000058   Code   RO         7354    i.location_diff     sins.o
    0x0001ec70   0x00000090   Code   RO         7355    i.longitude_scale   sins.o
    0x0001ed00   0x00000058   Code   RO         5792    i.main              main.o
    0x0001ed58   0x00000040   Code   RO         7567    i.micros            time.o
    0x0001ed98   0x00000010   Code   RO         7568    i.millis            time.o
    0x0001eda8   0x0000017c   Code   RO        10849    i.move_with_xy_target  namelesscotrun_sdk.o
    0x0001ef24   0x00000268   Code   RO        10851    i.move_with_z_target  namelesscotrun_sdk.o
    0x0001f18c   0x00000290   Code   RO        10852    i.move_with_z_vel_target  namelesscotrun_sdk.o
    0x0001f41c   0x000001dc   Code   RO        11221    i.move_xy_target    diy_op.o
    0x0001f5f8   0x00000248   Code   RO        10432    i.ncq_control_althold  control_althold.o
    0x0001f840   0x00000034   Code   RO         8019    i.pythagorous2      wp_math.o
    0x0001f874   0x00000044   Code   RO         8020    i.pythagorous3      wp_math.o
    0x0001f8b8   0x00000034   Code   RO         8023    i.safe_sqrt         wp_math.o
    0x0001f8ec   0x000001e4   Code   RO         7458    i.spl0601_get_calib_param  spl06.o
    0x0001fad0   0x000000dc   Code   RO         7459    i.spl0601_get_pressure  spl06.o
    0x0001fbac   0x0000006c   Code   RO         7460    i.spl0601_get_raw_pressure  spl06.o
    0x0001fc18   0x00000070   Code   RO         7461    i.spl0601_get_raw_temp  spl06.o
    0x0001fc88   0x00000094   Code   RO         7462    i.spl0601_get_temperature  spl06.o
    0x0001fd1c   0x000000f4   Code   RO         7463    i.spl0601_init      spl06.o
    0x0001fe10   0x00000144   Code   RO         7464    i.spl0601_rateset   spl06.o
    0x0001ff54   0x00000014   Code   RO         7465    i.spl0601_read      spl06.o
    0x0001ff68   0x00000012   Code   RO         7466    i.spl0601_start_continuous  spl06.o
    0x0001ff7a   0x00000014   Code   RO         7469    i.spl0601_write     spl06.o
    0x0001ff8e   0x0000000a   Code   RO         8024    i.sq                wp_math.o
    0x0001ff98   0x0000006e   Code   RO        13271    i.sqrt              m_wm.l(sqrt.o)
    0x00020006   0x00000002   PAD
    0x00020008   0x0000015c   Code   RO         8184    i.ssd1306_begin     ssd1306.o
    0x00020164   0x00000014   Code   RO         8185    i.ssd1306_clear_display  ssd1306.o
    0x00020178   0x0000000c   Code   RO         8186    i.ssd1306_command   ssd1306.o
    0x00020184   0x0000002c   Code   RO         8190    i.ssd1306_display   ssd1306.o
    0x000201b0   0x00000104   Code   RO         8194    i.ssd1306_draw_circle  ssd1306.o
    0x000202b4   0x000000bc   Code   RO         8197    i.ssd1306_draw_fast_hline_internal  ssd1306.o
    0x00020370   0x000000a8   Code   RO         8198    i.ssd1306_draw_fast_vline  ssd1306.o
    0x00020418   0x00000190   Code   RO         8199    i.ssd1306_draw_fast_vline_internal  ssd1306.o
    0x000205a8   0x000000ce   Code   RO         8200    i.ssd1306_draw_line  ssd1306.o
    0x00020676   0x00000002   PAD
    0x00020678   0x0000011c   Code   RO         8201    i.ssd1306_draw_pixel  ssd1306.o
    0x00020794   0x00000030   Code   RO         8206    i.ssd1306_fill_circle  ssd1306.o
    0x000207c4   0x000000c6   Code   RO         8207    i.ssd1306_fill_circle_helper  ssd1306.o
    0x0002088a   0x00000002   PAD
    0x0002088c   0x0000000c   Code   RO         8215    i.ssd1306_height    ssd1306.o
    0x00020898   0x0000000c   Code   RO         8230    i.ssd1306_width     ssd1306.o
    0x000208a4   0x00000002   Code   RO         9703    i.us100_front_statemachine  reserved_serialport.o
    0x000208a6   0x00000002   PAD
    0x000208a8   0x0000007c   Code   RO         7470    i.user_spl0601_get  spl06.o
    0x00020924   0x000002d4   Code   RO         6862    i.write_6_8_number  oled.o
    0x00020bf8   0x00000018   Code   RO        13055    x$fpl$basic         fz_wm.l(basic.o)
    0x00020c10   0x00000062   Code   RO        13057    x$fpl$d2f           fz_wm.l(d2f.o)
    0x00020c72   0x00000002   PAD
    0x00020c74   0x00000150   Code   RO        13059    x$fpl$dadd          fz_wm.l(daddsub_clz.o)
    0x00020dc4   0x00000018   Code   RO        13423    x$fpl$dcmpinf       fz_wm.l(dcmpi.o)
    0x00020ddc   0x000002b0   Code   RO        13066    x$fpl$ddiv          fz_wm.l(ddiv.o)
    0x0002108c   0x0000005e   Code   RO        13071    x$fpl$dfix          fz_wm.l(dfix.o)
    0x000210ea   0x00000002   PAD
    0x000210ec   0x0000005a   Code   RO        13075    x$fpl$dfixu         fz_wm.l(dfixu.o)
    0x00021146   0x0000002e   Code   RO        13080    x$fpl$dflt          fz_wm.l(dflt_clz.o)
    0x00021174   0x00000026   Code   RO        13079    x$fpl$dfltu         fz_wm.l(dflt_clz.o)
    0x0002119a   0x00000002   PAD
    0x0002119c   0x00000078   Code   RO        13085    x$fpl$dleqf         fz_wm.l(dleqf.o)
    0x00021214   0x00000154   Code   RO        13087    x$fpl$dmul          fz_wm.l(dmul.o)
    0x00021368   0x0000009c   Code   RO        13425    x$fpl$dnaninf       fz_wm.l(dnaninf.o)
    0x00021404   0x0000000c   Code   RO        13427    x$fpl$dretinf       fz_wm.l(dretinf.o)
    0x00021410   0x0000006c   Code   RO        13089    x$fpl$drleqf        fz_wm.l(drleqf.o)
    0x0002147c   0x00000016   Code   RO        13060    x$fpl$drsb          fz_wm.l(daddsub_clz.o)
    0x00021492   0x00000002   PAD
    0x00021494   0x00000198   Code   RO        13429    x$fpl$dsqrt         fz_wm.l(dsqrt_umaal.o)
    0x0002162c   0x000001d4   Code   RO        13061    x$fpl$dsub          fz_wm.l(daddsub_clz.o)
    0x00021800   0x00000056   Code   RO        13091    x$fpl$f2d           fz_wm.l(f2d.o)
    0x00021856   0x00000002   PAD
    0x00021858   0x00000052   Code   RO        13431    x$fpl$fcmp4         fz_wm.l(fcmp4.o)
    0x000218aa   0x00000018   Code   RO        13606    x$fpl$fcmpinf       fz_wm.l(fcmpi.o)
    0x000218c2   0x0000008c   Code   RO        13435    x$fpl$fnaninf       fz_wm.l(fnaninf.o)
    0x0002194e   0x0000000a   Code   RO        13611    x$fpl$fpinit        fz_wm.l(fpinit.o)
    0x00021958   0x0000000a   Code   RO        13437    x$fpl$fretinf       fz_wm.l(fretinf.o)
    0x00021962   0x00000000   Code   RO        13443    x$fpl$usenofp       fz_wm.l(usenofp.o)
    0x00021962   0x00000002   PAD
    0x00021964   0x00000210   Data   RO         1880    .constdata          gpio.o
    0x00021b74   0x0000010c   Data   RO         2833    .constdata          interrupt.o
    0x00021c80   0x000001cc   Data   RO         3923    .constdata          sysctl.o
    0x00021e4c   0x000000a0   Data   RO         4373    .constdata          timer.o
    0x00021eec   0x00000080   Data   RO         4623    .constdata          uart.o
    0x00021f6c   0x0000001c   Data   RO         6131    .constdata          uartstdio.o
    0x00021f88   0x00000090   Data   RO         6208    .constdata          calibration.o
    0x00022018   0x0000026c   Data   RO         6584    .constdata          gps.o
    0x00022284   0x000012e8   Data   RO         6864    .constdata          oled.o
    0x0002356c   0x00000146   Data   RO         7055    .constdata          opticalflow_lc306.o
    0x000236b2   0x00000002   PAD
    0x000236b4   0x000005a0   Data   RO         7094    .constdata          pid.o
    0x00023c54   0x00000050   Data   RO        11104    .constdata          temperature_ctrl.o
    0x00023ca4   0x00000004   PAD
    0x00023ca8   0x00000050   Data   RO        13114    .constdata          m_wm.l(asin.o)
    0x00023cf8   0x00000098   Data   RO        13140    .constdata          m_wm.l(atan.o)
    0x00023d90   0x00000140   Data   RO        13246    .constdata          m_wm.l(powf.o)
    0x00023ed0   0x00000030   Data   RO        13445    .constdata          m_wm.l(cos_i.o)
    0x00023f00   0x00000008   Data   RO        13495    .constdata          m_wm.l(qnan.o)
    0x00023f08   0x000000c8   Data   RO        13498    .constdata          m_wm.l(rred.o)
    0x00023fd0   0x00000020   Data   RO        13502    .constdata          m_wm.l(rredf.o)
    0x00023ff0   0x00000028   Data   RO        13505    .constdata          m_wm.l(sin_i.o)
    0x00024018   0x00000011   Data   RO         6132    .conststring        uartstdio.o
    0x00024029   0x00000003   PAD
    0x0002402c   0x00000020   Data   RO        13743    Region$$Table       anon$$obj.o


    Execution Region RW_IRAM1 (Base: 0x20000000, Size: 0x00006af0, Max: 0x00008000, ABSOLUTE, COMPRESSED[0x000002f0])

    Base Addr    Size         Type   Attr      Idx    E Section Name        Object

    0x20000000   0x00000005   Data   RW         6133    .data               uartstdio.o
    0x20000005   0x00000003   PAD
    0x20000008   0x0000014c   Data   RW         6209    .data               calibration.o
    0x20000154   0x00000018   Data   RW         6389    .data               bling.o
    0x2000016c   0x00000004   PAD
    0x20000170   0x000000ac   Data   RW         6585    .data               gps.o
    0x2000021c   0x00000022   Data   RW         6625    .data               ist8310.o
    0x2000023e   0x00000002   PAD
    0x20000240   0x0000001a   Data   RW         6657    .data               key.o
    0x2000025a   0x00000002   PAD
    0x2000025c   0x00000030   Data   RW         6708    .data               icm2068x.o
    0x2000028c   0x00000004   Data   RW         6752    .data               myiic.o
    0x20000290   0x00000018   Data   RW         7056    .data               opticalflow_lc306.o
    0x200002a8   0x00000017   Data   RW         7095    .data               pid.o
    0x200002bf   0x00000001   PAD
    0x200002c0   0x00000024   Data   RW         7204    .data               ppm.o
    0x200002e4   0x0000005b   Data   RW         7234    .data               rc.o
    0x2000033f   0x00000001   PAD
    0x20000340   0x00000120   Data   RW         7357    .data               sins.o
    0x20000460   0x00000028   Data   RW         7472    .data               spl06.o
    0x20000488   0x0000000c   Data   RW         7569    .data               time.o
    0x20000494   0x0000001c   Data   RW         7639    .data               time_cnt.o
    0x200004b0   0x00000033   Data   RW         7685    .data               us_100.o
    0x200004e3   0x00000001   PAD
    0x200004e4   0x00000034   Data   RW         7763    .data               usart.o
    0x20000518   0x0000002a   Data   RW         7890    .data               wp_adc.o
    0x20000542   0x00000002   PAD
    0x20000544   0x00000018   Data   RW         8157    .data               wp_pwm.o
    0x2000055c   0x0000043d   Data   RW         8234    .data               ssd1306.o
    0x20000999   0x00000003   PAD
    0x2000099c   0x00000026   Data   RW         8750    .data               tfmini.o
    0x200009c2   0x00000002   PAD
    0x200009c4   0x0000003e   Data   RW         8950    .data               nclink.o
    0x20000a02   0x00000002   PAD
    0x20000a04   0x00000056   Data   RW         9229    .data               vl53l1x.o
    0x20000a5a   0x00000002   PAD
    0x20000a5c   0x0000008a   Data   RW         9524    .data               opticalflow_control.o
    0x20000ae6   0x00000002   PAD
    0x20000ae8   0x00000046   Data   RW         9635    .data               topsensor.o
    0x20000b2e   0x00000002   PAD
    0x20000b30   0x0000003f   Data   RW        10434    .data               control_althold.o
    0x20000b6f   0x00000001   PAD
    0x20000b70   0x00000062   Data   RW        10516    .data               control_land.o
    0x20000bd2   0x00000002   PAD
    0x20000bd4   0x00000051   Data   RW        10599    .data               control_poshold.o
    0x20000c25   0x00000003   PAD
    0x20000c28   0x0000004d   Data   RW        10647    .data               wp_ctrl.o
    0x20000c75   0x00000003   PAD
    0x20000c78   0x00000072   Data   RW        10792    .data               namelesscorun_opticalflow.o
    0x20000cea   0x00000006   PAD
    0x20000cf0   0x000000ae   Data   RW        10854    .data               namelesscotrun_sdk.o
    0x20000d9e   0x00000002   PAD
    0x20000da0   0x000000d6   Data   RW        10984    .data               sensor.o
    0x20000e76   0x00000002   PAD
    0x20000e78   0x00000026   Data   RW        11066    .data               compass.o
    0x20000e9e   0x00000002   PAD
    0x20000ea0   0x0000001a   Data   RW        11105    .data               temperature_ctrl.o
    0x20000eba   0x00000002   PAD
    0x20000ebc   0x0000003b   Data   RW        11143    .data               developer_mode.o
    0x20000ef7   0x00000001   PAD
    0x20000ef8   0x00000018   Data   RW        11181    .data               adc_button.o
    0x20000f10   0x0000007b   Data   RW        11223    .data               diy_op.o
    0x20000f8b   0x00000001   PAD
    0x20000f8c   0x0000001c   Data   RW        11323    .data               vl53l1_api.o
    0x20000fa8   0x00000058   PAD
    0x20001000   0x0000026c   Data   RW         2834    vtable              interrupt.o
    0x2000126c   0x000001bc   Zero   RW         6207    .bss                calibration.o
    0x20001428   0x00000050   Zero   RW         6388    .bss                bling.o
    0x20001478   0x00000c78   Zero   RW         6455    .bss                filter.o
    0x200020f0   0x00000040   Zero   RW         6583    .bss                gps.o
    0x20002130   0x00000024   Zero   RW         6624    .bss                ist8310.o
    0x20002154   0x00000040   Zero   RW         6656    .bss                key.o
    0x20002194   0x0000006c   Zero   RW         6707    .bss                icm2068x.o
    0x20002200   0x00000e36   Zero   RW         7093    .bss                pid.o
    0x20003036   0x0000003c   Zero   RW         7203    .bss                ppm.o
    0x20003072   0x00000002   PAD
    0x20003074   0x000001d0   Zero   RW         7233    .bss                rc.o
    0x20003244   0x00000004   PAD
    0x20003248   0x000010a0   Zero   RW         7356    .bss                sins.o
    0x200042e8   0x00000050   Zero   RW         7471    .bss                spl06.o
    0x20004338   0x00000090   Zero   RW         7638    .bss                time_cnt.o
    0x200043c8   0x0000002c   Zero   RW         7684    .bss                us_100.o
    0x200043f4   0x00000218   Zero   RW         7762    .bss                usart.o
    0x2000460c   0x00000030   Zero   RW         7889    .bss                wp_adc.o
    0x2000463c   0x00000320   Zero   RW         7935    .bss                wp_flash.o
    0x2000495c   0x00000400   Zero   RW         8232    .bss                ssd1306.o
    0x20004d5c   0x00000028   Zero   RW         8749    .bss                tfmini.o
    0x20004d84   0x0000010c   Zero   RW         8949    .bss                nclink.o
    0x20004e90   0x000003d0   Zero   RW         9228    .bss                vl53l1x.o
    0x20005260   0x00000010   Zero   RW         9523    .bss                opticalflow_control.o
    0x20005270   0x00000248   Zero   RW         9634    .bss                topsensor.o
    0x200054b8   0x0000002c   Zero   RW         9704    .bss                reserved_serialport.o
    0x200054e4   0x00000048   Zero   RW         9730    .bss                my_anonymous.o
    0x2000552c   0x0000002c   Zero   RW        10433    .bss                control_althold.o
    0x20005558   0x0000004c   Zero   RW        10470    .bss                calibrationroutines.o
    0x200055a4   0x0000003c   Zero   RW        10646    .bss                wp_ctrl.o
    0x200055e0   0x00000828   Zero   RW        10791    .bss                namelesscorun_opticalflow.o
    0x20005e08   0x0000014a   Zero   RW        10853    .bss                namelesscotrun_sdk.o
    0x20005f52   0x00000002   PAD
    0x20005f54   0x00000474   Zero   RW        10983    .bss                sensor.o
    0x200063c8   0x00000020   Zero   RW        11065    .bss                compass.o
    0x200063e8   0x00000094   Zero   RW        11180    .bss                adc_button.o
    0x2000647c   0x00000014   Zero   RW        11222    .bss                diy_op.o
    0x20006490   0x00000060   Zero   RW        13519    .bss                c_wu.l(libspace.o)
    0x200064f0   0x00000200   Zero   RW         6118    HEAP                startup_rvmdk.o
    0x200066f0   0x00000400   Zero   RW         6117    STACK               startup_rvmdk.o


==============================================================================

Image component sizes


      Code (inc. data)   RO Data    RW Data    ZI Data      Debug   Object Name

       400         20          0          0          0      11676   adc.o
       672         94          0         24        148       3934   adc_button.o
       718         54          0         24         80       4792   bling.o
     11274        960        144        332        444      29637   calibration.o
      1670          0          0          0         76       4902   calibrationroutines.o
       860         66          0         38         32       3646   compass.o
      2100        232          0         63         44       4545   control_althold.o
      1352        246          0         98          0       8178   control_land.o
       180         12          0         81          0       2882   control_poshold.o
        38          0          0          0          0        628   cpu.o
      2468        314          0         59          0       4897   developer_mode.o
      1432        160          0        123         20       4328   diy_op.o
       552         74          0          0          0       5072   eeprom.o
       794         76          0          0       3192      11506   filter.o
        40         12          0          0          0        944   fpu.o
       930         30        528          0          0      11518   gpio.o
       310         42        620        172         64       5649   gps.o
       142         14          0          0          0       4101   i2c.o
       950         74          0         48        108       3765   icm2068x.o
       288         34        268        620          0       4517   interrupt.o
         0          0          0         34         36       1296   ist8310.o
     14212       2060          0         26         64       9598   key.o
       508        112          0          0          0       3077   license.o
        88         22          0          0          0      76923   main.o
       320         42          0          0         72       2111   my_anonymous.o
      1004         70          0          4          0       8269   myiic.o
      3572        282          0        114       2088       7445   namelesscorun_opticalflow.o
      3270        288          0        174        330      15510   namelesscotrun_sdk.o
      4856        216          0         62        268       7592   nclink.o
      1702         54       4840          0          0      10114   oled.o
      3932        442          0        138         16      11124   opticalflow_control.o
       292         22        326         24          0       2201   opticalflow_lc306.o
      6910        338       1440         23       3638      15624   pid.o
       304         48          0         36         60       1944   ppm.o
       138          6          0          0          0       3139   pwm.o
        96          0          0          0          0       2156   qmc5883.o
      3076        298          0         91        464       8242   rc.o
         4          0          0          0          0        918   reserved_io.o
        10          0          0          0         44       2229   reserved_serialport.o
        60          0          0          0          0       1436   ringbuf.o
       144          8          0          0          0       1356   schedule.o
     12466        960          0        214       1140      13693   sensor.o
      8738        690          0        288       4256      15723   sins.o
        44          0          0          0          0       1719   soft_i2c.o
      1892         90          0         40         80       9298   spl06.o
      2542        166          0       1085       1024      13611   ssd1306.o
       676        640          0          0       1536        500   startup_rvmdk.o
       826         56        460          0          0       5867   sysctl.o
       112          0          0          0          0        596   system.o
        94          0          0          0          0       3060   systick.o
       648         74         80         26          0       3579   temperature_ctrl.o
       640         78          0         38         40       2424   tfmini.o
       226         26          0         12          0       5019   time.o
       252         30          0         28        144       2005   time_cnt.o
       264         32        160          0          0       5246   timer.o
      1746        142          0         70        584       7695   topsensor.o
       320         20        128          0          0       8498   uart.o
       108         12         45          5          0       2285   uartstdio.o
       650         66          0         51         44       3172   us_100.o
      1888        294          0         52        536      11721   usart.o
      2342         50          0         28          0      84006   vl53l1_api.o
         0          0          0          0          0       9500   vl53l1_api_calibration.o
      3784         82          0          0          0      21354   vl53l1_api_core.o
      1516          0          0          0          0      16755   vl53l1_api_preset_modes.o
      1782          0          0          0          0      22699   vl53l1_core.o
        72          0          0          0          0       2885   vl53l1_core_support.o
       262          0          0          0          0       5444   vl53l1_platform.o
      2562          0          0          0          0      15250   vl53l1_register_funcs.o
       140          0          0          0          0       2345   vl53l1_wait.o
       456         58          0         86        976       2828   vl53l1x.o
      1042         44          0          0          0      11301   vl53l1x_i2c.o
       404         80          0         42         48       2975   wp_adc.o
      3912        414          0         77         60      11434   wp_ctrl.o
       320          6          0          0        800       8310   wp_flash.o
       280          4          0          0          0       3661   wp_math.o
       520         70          0         24          0       2170   wp_pwm.o

    ----------------------------------------------------------------------
    125246      11006       9080       4716      22564     662049   Object Totals
         0          0         32          0          0          0   (incl. Generated)
        52          0          9        142          8          0   (incl. Padding)

    ----------------------------------------------------------------------

      Code (inc. data)   RO Data    RW Data    ZI Data      Debug   Library Member Name

        90          0          0          0          0          0   __dczerorl2.o
         8          0          0          0          0         68   __main.o
         0          0          0          0          0          0   __rtentry.o
        12          0          0          0          0          0   __rtentry2.o
         6          0          0          0          0          0   __rtentry4.o
        52          8          0          0          0          0   __scatter.o
        28          0          0          0          0          0   __scatter_zi.o
        22          0          0          0          0        100   _rserrno.o
        16          0          0          0          0         68   aeabi_memset.o
        12          0          0          0          0         72   exit.o
         6          0          0          0          0        152   heapauxi.o
         0          0          0          0          0          0   indicate_semi.o
         2          0          0          0          0          0   libinit.o
         6          0          0          0          0          0   libinit2.o
         2          0          0          0          0          0   libshutdown.o
         2          0          0          0          0          0   libshutdown2.o
         8          4          0          0         96         68   libspace.o
         8          4          0          0          0         68   rt_errno_addr_intlibspace.o
        68          0          0          0          0         68   rt_memclr.o
        78          0          0          0          0         80   rt_memclr_w.o
       138          0          0          0          0         68   rt_memcpy_v6.o
       100          0          0          0          0         80   rt_memcpy_w.o
         2          0          0          0          0          0   rtexit.o
        10          0          0          0          0          0   rtexit2.o
        12          4          0          0          0         68   sys_exit.o
        74          0          0          0          0         80   sys_stackheap_outer.o
         2          0          0          0          0         68   use_no_semi.o
        24          0          0          0          0        164   basic.o
        98          4          0          0          0        140   d2f.o
       826         16          0          0          0        492   daddsub_clz.o
        24          0          0          0          0        116   dcmpi.o
       688        140          0          0          0        256   ddiv.o
        94          4          0          0          0        140   dfix.o
        90          4          0          0          0        140   dfixu.o
        84          0          0          0          0        232   dflt_clz.o
       120          4          0          0          0        140   dleqf.o
       340         12          0          0          0        152   dmul.o
       156          4          0          0          0        140   dnaninf.o
        12          0          0          0          0        116   dretinf.o
       108          0          0          0          0        128   drleqf.o
       408         56          0          0          0        168   dsqrt_umaal.o
        86          4          0          0          0        132   f2d.o
        82          4          0          0          0        160   fcmp4.o
        24          0          0          0          0        116   fcmpi.o
       140          4          0          0          0        132   fnaninf.o
        10          0          0          0          0        116   fpinit.o
        10          0          0          0          0        116   fretinf.o
         0          0          0          0          0          0   usenofp.o
       864         94         80          0          0        280   asin.o
       744        106        152          0          0        352   atan.o
       496         64          0          0          0        192   atan2.o
       352         56          0          0          0        172   atanf.o
       200         20          0          0          0        164   cos.o
       368         46         48          0          0        200   cos_i.o
       336         56          0          0          0        136   cosf.o
       104         16          0          0          0        496   dunder.o
        24          0          0          0          0        124   fabs.o
        72          0          0          0          0        148   fminf.o
        48          0          0          0          0        124   fpclassify.o
        38          0          0          0          0        116   fpclassifyf.o
        80         24          0          0          0        696   funder.o
       248          0          0          0          0        152   poly.o
      1548        110        320          0          0        268   powf.o
         0          0          8          0          0          0   qnan.o
      1080        142        200          0          0        188   rred.o
       340         24         32          0          0        160   rredf.o
       200         20          0          0          0        164   sin.o
       304         24         40          0          0        208   sin_i.o
       232          0          0          0          0        296   sqrt.o
        58          0          0          0          0        136   sqrtf.o
       380         58          0          0          0        200   tanf.o

    ----------------------------------------------------------------------
     12326       1140        880          0         96       9376   Library Totals
        22          4          0          0          0          0   (incl. Padding)

    ----------------------------------------------------------------------

      Code (inc. data)   RO Data    RW Data    ZI Data      Debug   Library Name

       764         20          0          0         96       1108   c_wu.l
      3424        256          0          0          0       3296   fz_wm.l
      8116        860        880          0          0       4972   m_wm.l

    ----------------------------------------------------------------------
     12326       1140        880          0         96       9376   Library Totals

    ----------------------------------------------------------------------

==============================================================================


      Code (inc. data)   RO Data    RW Data    ZI Data      Debug   

    137572      12146       9960       4716      22660     611805   Grand Totals
    137572      12146       9960        752      22660     611805   ELF Image Totals (compressed)
    137572      12146       9960        752          0          0   ROM Totals

==============================================================================

    Total RO  Size (Code + RO Data)               147532 ( 144.07kB)
    Total RW  Size (RW Data + ZI Data)             27376 (  26.73kB)
    Total ROM Size (Code + RO Data + RW Data)     148284 ( 144.81kB)

==============================================================================

