<html>
<body>
<pre>
<h1>礦ision Build Log</h1>
<h2>Tool Versions:</h2>
IDE-Version: μVision V5.14.0.0
Copyright (C) 2015 ARM Ltd and ARM Germany GmbH. All rights reserved.
License Information: LI ZIXUAN, neuq, LIC=8MZ45-G1RDY-9XEUW-QZ2VS-AENBS-U2HYV
 
Tool Versions:
Toolchain:       MDK-ARM Professional  Version: 5.14.0.0
Toolchain Path:  C:\Keil_v5\ARM\ARMCC\Bin
C Compiler:      Armcc.exe V5.05 update 1 (build 106)
Assembler:       Armasm.exe V5.05 update 1 (build 106)
Linker/Locator:  ArmLink.exe V5.05 update 1 (build 106)
Library Manager: ArmAr.exe V5.05 update 1 (build 106)
Hex Converter:   FromElf.exe V5.05 update 1 (build 106)
CPU DLL:         SARMCM3.DLL V5.14.0.0
Dialog DLL:      DCM.DLL V1.13.1.0
Target DLL:      Segger\JL2CM3.dll V2.99.13.0
Dialog DLL:      TCM.DLL V1.14.4.0
 
<h2>Project:</h2>
C:\Users\李紫璇\Desktop\CarryPilot_For_LaunchPad\CarryPilot.uvprojx
Project File Date:  11/04/2022

<h2>Output:</h2>
Build target 'CarryPilot_LaunchPad_V4.0.3'
compiling adc.c...
compiling aes.c...
compiling can.c...
compiling comp.c...
compiling cpu.c...
compiling crc.c...
compiling des.c...
compiling eeprom.c...
compiling emac.c...
compiling epi.c...
compiling flash.c...
compiling fpu.c...
compiling gpio.c...
compiling hibernate.c...
compiling i2c.c...
compiling interrupt.c...
compiling lcd.c...
compiling mpu.c...
compiling pwm.c...
compiling qei.c...
compiling shamd5.c...
compiling ssi.c...
compiling sw_crc.c...
compiling sysctl.c...
compiling sysexc.c...
compiling systick.c...
compiling timer.c...
compiling uart.c...
compiling udma.c...
compiling usb.c...
compiling watchdog.c...
compiling main.c...
assembling startup_rvmdk.S...
compiling uartstdio.c...
compiling Calibration.c...
compiling Bling.c...
compiling Filter.c...
compiling GPS.c...
WP_Src\GPS.c(180): warning:  #175-D: subscript out of range
        GPS_Ground_Speed=Ublox_Data[60]//载体对地速度
WP_Src\GPS.c: 1 warning, 0 errors
compiling IST8310.c...
compiling Key.c...
compiling ICM2068X.c...
compiling myiic.c...
compiling OLED.c...
compiling OpticalFlow_LC306.c...
compiling PID.c...
compiling PPM.c...
compiling RC.c...
compiling Ringbuf.c...
compiling Schedule.c...
compiling SINS.c...
compiling SPL06.c...
compiling Time.c...
compiling Time_Cnt.c...
compiling US_100.c...
compiling SYSTEM.c...
compiling Usart.c...
compiling WP_ADC.c...
compiling wp_flash.c...
compiling WP_Math.c...
compiling WP_PWM.c...
compiling ssd1306.c...
compiling RDroneSudio.c...
compiling Soft_I2C.c...
compiling ICM20689.c...
compiling QMC5883.c...
compiling tfmini.c...
compiling LCD_ST7789.c...
compiling NCLink.c...
compiling MMC3630.c...
compiling VL53L1X.c...
compiling vl53l1_platform.c...
compiling vl53l1x_i2c.c...
compiling OpticalFlow_Control.c...
compiling TOPSensor.c...
compiling Reserved_IO.c...
compiling Reserved_Serialport.c...
compiling MY_anonymous.c...
compiling cJSON.c...
compiling control_althold.c...
compiling CalibrationRoutines.c...
compiling control_land.c...
compiling control_poshold.c...
compiling WP_Ctrl.c...
compiling Earth_Declination.c...
compiling License.c...
compiling NamelessCorun_OpticalFlow.c...
compiling NamelessCotrun_SDK.c...
compiling Sensor.c...
compiling Compass.c...
compiling Temperature_Ctrl.c...
compiling Developer_Mode.c...
compiling ADC_Button.c...
compiling DIY_OP.c...
compiling vl53l1_api.c...
compiling vl53l1_api_calibration.c...
compiling vl53l1_api_core.c...
compiling vl53l1_api_debug.c...
compiling vl53l1_api_preset_modes.c...
compiling vl53l1_api_strings.c...
compiling vl53l1_core.c...
compiling vl53l1_core_support.c...
compiling vl53l1_error_strings.c...
compiling vl53l1_register_funcs.c...
compiling vl53l1_silicon_core.c...
compiling vl53l1_wait.c...
linking...
Program Size: Code=137572 RO-data=9960 RW-data=4716 ZI-data=22660  
FromELF: creating hex file...
".\Output\CarryPilot.axf" - 0 Error(s), 1 Warning(s).

<h2>Collection of Component include folders:</h2>
  C:\Users\李紫璇\Desktop\CarryPilot_For_LaunchPad\RTE
  C:\mdk\Keil\TM4C_DFP\1.1.0

<h2>Collection of Component Files used:</h2>
</pre>
</body>
</html>
